Component: ARM Compiler 5.06 update 6 (build 750) Tool: armlink [4d35ed]

==============================================================================

Section Cross References

    usart_init.o(i.USART1_IRQHandler) refers to irq.o(i.rt_interrupt_enter) for rt_interrupt_enter
    usart_init.o(i.USART1_IRQHandler) refers to stm32f4xx_usart.o(i.USART_GetITStatus) for USART_GetITStatus
    usart_init.o(i.USART1_IRQHandler) refers to stm32f4xx_usart.o(i.USART_GetFlagStatus) for USART_GetFlagStatus
    usart_init.o(i.USART1_IRQHandler) refers to usart_init.o(i.rt_ringbuffer_putchar) for rt_ringbuffer_putchar
    usart_init.o(i.USART1_IRQHandler) refers to ipc.o(i.rt_sem_release) for rt_sem_release
    usart_init.o(i.USART1_IRQHandler) refers to irq.o(i.rt_interrupt_leave) for rt_interrupt_leave
    usart_init.o(i.USART1_IRQHandler) refers to usart_init.o(.bss) for uart_rxcb
    usart_init.o(i.rt_hw_console_getchar) refers to ipc.o(i.rt_sem_take) for rt_sem_take
    usart_init.o(i.rt_hw_console_getchar) refers to usart_init.o(i.rt_ringbuffer_getchar) for rt_ringbuffer_getchar
    usart_init.o(i.rt_hw_console_getchar) refers to usart_init.o(.bss) for shell_rx_sem
    usart_init.o(i.rt_hw_console_output) refers to scheduler.o(i.rt_enter_critical) for rt_enter_critical
    usart_init.o(i.rt_hw_console_output) refers to stm32f4xx_usart.o(i.USART_SendData) for USART_SendData
    usart_init.o(i.rt_hw_console_output) refers to stm32f4xx_usart.o(i.USART_GetFlagStatus) for USART_GetFlagStatus
    usart_init.o(i.rt_hw_console_output) refers to scheduler.o(i.rt_exit_critical) for rt_exit_critical
    usart_init.o(i.rt_ringbuffer_getchar) refers to usart_init.o(i.rt_ringbuffer_data_len) for rt_ringbuffer_data_len
    usart_init.o(i.rt_ringbuffer_putchar) refers to usart_init.o(i.rt_ringbuffer_data_len) for rt_ringbuffer_data_len
    usart_init.o(i.uart_init) refers to usart_init.o(i.uart_io) for uart_io
    usart_init.o(i.uart_init) refers to stm32f4xx_usart.o(i.USART_Init) for USART_Init
    usart_init.o(i.uart_init) refers to stm32f4xx_usart.o(i.USART_Cmd) for USART_Cmd
    usart_init.o(i.uart_init) refers to stm32f4xx_usart.o(i.USART_ITConfig) for USART_ITConfig
    usart_init.o(i.uart_init) refers to misc.o(i.NVIC_Init) for NVIC_Init
    usart_init.o(i.uart_io) refers to stm32f4xx_rcc.o(i.RCC_AHB1PeriphClockCmd) for RCC_AHB1PeriphClockCmd
    usart_init.o(i.uart_io) refers to stm32f4xx_rcc.o(i.RCC_APB2PeriphClockCmd) for RCC_APB2PeriphClockCmd
    usart_init.o(i.uart_io) refers to stm32f4xx_gpio.o(i.GPIO_PinAFConfig) for GPIO_PinAFConfig
    usart_init.o(i.uart_io) refers to stm32f4xx_gpio.o(i.GPIO_Init) for GPIO_Init
    usart_init.o(.rti_fn.1) refers to usart_init.o(i.uart_init) for uart_init
    board.o(i.SysTick_Handler) refers to irq.o(i.rt_interrupt_enter) for rt_interrupt_enter
    board.o(i.SysTick_Handler) refers to clock.o(i.rt_tick_increase) for rt_tick_increase
    board.o(i.SysTick_Handler) refers to irq.o(i.rt_interrupt_leave) for rt_interrupt_leave
    board.o(i.rt_heap_begin_get) refers to board.o(.bss) for rt_heap
    board.o(i.rt_heap_end_get) refers to board.o(.bss) for rt_heap
    board.o(i.rt_hw_board_init) refers to usart_init.o(i.uart_init) for uart_init
    board.o(i.rt_hw_board_init) refers to system_stm32f4xx.o(i.SystemCoreClockUpdate) for SystemCoreClockUpdate
    board.o(i.rt_hw_board_init) refers to board.o(i._SysTick_Config) for _SysTick_Config
    board.o(i.rt_hw_board_init) refers to components.o(i.rt_components_board_init) for rt_components_board_init
    board.o(i.rt_hw_board_init) refers to board.o(i.rt_heap_end_get) for rt_heap_end_get
    board.o(i.rt_hw_board_init) refers to board.o(i.rt_heap_begin_get) for rt_heap_begin_get
    board.o(i.rt_hw_board_init) refers to mem.o(i.rt_system_heap_init) for rt_system_heap_init
    board.o(i.rt_hw_board_init) refers to system_stm32f4xx.o(.data) for SystemCoreClock
    system_stm32f4xx.o(i.SystemCoreClockUpdate) refers to system_stm32f4xx.o(.data) for SystemCoreClock
    system_stm32f4xx.o(i.SystemInit) refers to system_stm32f4xx.o(i.SetSysClock) for SetSysClock
    stm32f4xx_adc.o(i.ADC_DeInit) refers to stm32f4xx_rcc.o(i.RCC_APB2PeriphResetCmd) for RCC_APB2PeriphResetCmd
    stm32f4xx_can.o(i.CAN_DeInit) refers to stm32f4xx_rcc.o(i.RCC_APB1PeriphResetCmd) for RCC_APB1PeriphResetCmd
    stm32f4xx_can.o(i.CAN_GetITStatus) refers to stm32f4xx_can.o(i.CheckITStatus) for CheckITStatus
    stm32f4xx_cryp.o(i.CRYP_DeInit) refers to stm32f4xx_rcc.o(i.RCC_AHB2PeriphResetCmd) for RCC_AHB2PeriphResetCmd
    stm32f4xx_cryp_aes.o(i.CRYP_AES_CBC) refers to stm32f4xx_cryp.o(i.CRYP_KeyStructInit) for CRYP_KeyStructInit
    stm32f4xx_cryp_aes.o(i.CRYP_AES_CBC) refers to stm32f4xx_cryp.o(i.CRYP_FIFOFlush) for CRYP_FIFOFlush
    stm32f4xx_cryp_aes.o(i.CRYP_AES_CBC) refers to stm32f4xx_cryp.o(i.CRYP_Init) for CRYP_Init
    stm32f4xx_cryp_aes.o(i.CRYP_AES_CBC) refers to stm32f4xx_cryp.o(i.CRYP_KeyInit) for CRYP_KeyInit
[...]
    i.rt_hw_board_init                       0x080024d4   Section        0  board.o(i.rt_hw_board_init)
    i.rt_hw_console_getchar                  0x0800250c   Section        0  usart_init.o(i.rt_hw_console_getchar)
    i.rt_hw_console_output                   0x08002538   Section        0  usart_init.o(i.rt_hw_console_output)
    i.rt_hw_hard_fault_exception             0x08002588   Section        0  cpuport.o(i.rt_hw_hard_fault_exception)
    i.rt_hw_stack_init                       0x080027b4   Section        0  cpuport.o(i.rt_hw_stack_init)
    i.rt_interrupt_enter                     0x08002804   Section        0  irq.o(i.rt_interrupt_enter)
    i.rt_interrupt_leave                     0x08002824   Section        0  irq.o(i.rt_interrupt_leave)
    i.rt_ipc_list_resume                     0x08002844   Section        0  ipc.o(i.rt_ipc_list_resume)
    rt_ipc_list_resume                       0x08002845   Thumb Code    20  ipc.o(i.rt_ipc_list_resume)
    i.rt_ipc_list_suspend                    0x08002858   Section        0  ipc.o(i.rt_ipc_list_suspend)
    rt_ipc_list_suspend                      0x08002859   Thumb Code   108  ipc.o(i.rt_ipc_list_suspend)
    i.rt_ipc_object_init                     0x080028c4   Section        0  ipc.o(i.rt_ipc_object_init)
    rt_ipc_object_init                       0x080028c5   Thumb Code    16  ipc.o(i.rt_ipc_object_init)
    i.rt_kprintf                             0x080028d4   Section        0  kservice.o(i.rt_kprintf)
    i.rt_list_init                           0x08002904   Section        0  ipc.o(i.rt_list_init)
    rt_list_init                             0x08002905   Thumb Code     6  ipc.o(i.rt_list_init)
    i.rt_list_init                           0x0800290a   Section        0  scheduler.o(i.rt_list_init)
    rt_list_init                             0x0800290b   Thumb Code     6  scheduler.o(i.rt_list_init)
    i.rt_list_init                           0x08002910   Section        0  timer.o(i.rt_list_init)
    rt_list_init                             0x08002911   Thumb Code     6  timer.o(i.rt_list_init)
    i.rt_list_insert_after                   0x08002916   Section        0  object.o(i.rt_list_insert_after)
    rt_list_insert_after                     0x08002917   Thumb Code    14  object.o(i.rt_list_insert_after)
    i.rt_list_insert_after                   0x08002924   Section        0  thread.o(i.rt_list_insert_after)
    rt_list_insert_after                     0x08002925   Thumb Code    14  thread.o(i.rt_list_insert_after)
    i.rt_list_insert_after                   0x08002932   Section        0  timer.o(i.rt_list_insert_after)
    rt_list_insert_after                     0x08002933   Thumb Code    14  timer.o(i.rt_list_insert_after)
    i.rt_list_insert_before                  0x08002940   Section        0  ipc.o(i.rt_list_insert_before)
    rt_list_insert_before                    0x08002941   Thumb Code    14  ipc.o(i.rt_list_insert_before)
    i.rt_list_isempty                        0x0800294e   Section        0  ipc.o(i.rt_list_isempty)
    rt_list_isempty                          0x0800294f   Thumb Code    16  ipc.o(i.rt_list_isempty)
    i.rt_list_isempty                        0x0800295e   Section        0  timer.o(i.rt_list_isempty)
    rt_list_isempty                          0x0800295f   Thumb Code    16  timer.o(i.rt_list_isempty)
    i.rt_list_isempty                        0x0800296e   Section        0  cmd.o(i.rt_list_isempty)
    rt_list_isempty                          0x0800296f   Thumb Code    16  cmd.o(i.rt_list_isempty)
    i.rt_list_len                            0x0800297e   Section        0  cmd.o(i.rt_list_len)
    rt_list_len                              0x0800297f   Thumb Code    20  cmd.o(i.rt_list_len)
    i.rt_list_remove                         0x08002992   Section        0  object.o(i.rt_list_remove)
    rt_list_remove                           0x08002993   Thumb Code    18  object.o(i.rt_list_remove)
    i.rt_list_remove                         0x080029a4   Section        0  thread.o(i.rt_list_remove)
    rt_list_remove                           0x080029a5   Thumb Code    18  thread.o(i.rt_list_remove)
    i.rt_malloc                              0x080029b8   Section        0  mem.o(i.rt_malloc)
    i.rt_memmove                             0x08002b24   Section        0  kservice.o(i.rt_memmove)
    i.rt_memset                              0x08002b66   Section        0  kservice.o(i.rt_memset)
    i.rt_object_allocate                     0x08002bae   Section        0  object.o(i.rt_object_allocate)
    i.rt_object_delete                       0x08002c02   Section        0  object.o(i.rt_object_delete)
    i.rt_object_detach                       0x08002c26   Section        0  object.o(i.rt_object_detach)
    i.rt_object_get_information              0x08002c44   Section        0  object.o(i.rt_object_get_information)
    i.rt_object_init                         0x08002c6c   Section        0  object.o(i.rt_object_init)
    i.rt_object_is_systemobject              0x08002cc2   Section        0  object.o(i.rt_object_is_systemobject)
    i.rt_ringbuffer_data_len                 0x08002cd4   Section        0  usart_init.o(i.rt_ringbuffer_data_len)
    i.rt_ringbuffer_getchar                  0x08002d40   Section        0  usart_init.o(i.rt_ringbuffer_getchar)
    i.rt_ringbuffer_putchar                  0x08002d98   Section        0  usart_init.o(i.rt_ringbuffer_putchar)
    i.rt_schedule                            0x08002df4   Section        0  scheduler.o(i.rt_schedule)
    i.rt_schedule_insert_thread              0x08002e78   Section        0  scheduler.o(i.rt_schedule_insert_thread)
    i.rt_schedule_remove_thread              0x08002ec8   Section        0  scheduler.o(i.rt_schedule_remove_thread)
    i.rt_sem_init                            0x08002f1c   Section        0  ipc.o(i.rt_sem_init)
    i.rt_sem_release                         0x08002f42   Section        0  ipc.o(i.rt_sem_release)
    i.rt_sem_take                            0x08002f7c   Section        0  ipc.o(i.rt_sem_take)
    i.rt_show_version                        0x08002ff0   Section        0  kservice.o(i.rt_show_version)
    i.rt_soft_timer_check                    0x080030a0   Section        0  timer.o(i.rt_soft_timer_check)
    i.rt_strlen                              0x0800311c   Section        0  kservice.o(i.rt_strlen)
    i.rt_strncpy                             0x0800312e   Section        0  kservice.o(i.rt_strncpy)
    i.rt_system_heap_init                    0x08003164   Section        0  mem.o(i.rt_system_heap_init)
    i.rt_system_scheduler_init               0x0800325c   Section        0  scheduler.o(i.rt_system_scheduler_init)
    i.rt_system_scheduler_start              0x080032a8   Section        0  scheduler.o(i.rt_system_scheduler_start)
    i.rt_system_timer_init                   0x080032d8   Section        0  timer.o(i.rt_system_timer_init)
    i.rt_system_timer_thread_init            0x080032f4   Section        0  timer.o(i.rt_system_timer_thread_init)
    i.rt_thread_create                       0x08003348   Section        0  thread.o(i.rt_thread_create)
    i.rt_thread_delay                        0x08003398   Section        0  thread.o(i.rt_thread_delay)
    i.rt_thread_exit                         0x080033a4   Section        0  thread.o(i.rt_thread_exit)
    i.rt_thread_idle_entry                   0x080033f8   Section        0  idle.o(i.rt_thread_idle_entry)
    rt_thread_idle_entry                     0x080033f9   Thumb Code     8  idle.o(i.rt_thread_idle_entry)
    i.rt_thread_idle_excute                  0x08003400   Section        0  idle.o(i.rt_thread_idle_excute)
    i.rt_thread_idle_init                    0x0800348c   Section        0  idle.o(i.rt_thread_idle_init)
    i.rt_thread_init                         0x080034c8   Section        0  thread.o(i.rt_thread_init)
    i.rt_thread_resume                       0x080034fc   Section        0  thread.o(i.rt_thread_resume)
    i.rt_thread_self                         0x08003538   Section        0  thread.o(i.rt_thread_self)
    i.rt_thread_sleep                        0x08003544   Section        0  thread.o(i.rt_thread_sleep)
    i.rt_thread_startup                      0x08003588   Section        0  thread.o(i.rt_thread_startup)
    i.rt_thread_suspend                      0x080035b4   Section        0  thread.o(i.rt_thread_suspend)
    i.rt_thread_timeout                      0x080035f8   Section        0  thread.o(i.rt_thread_timeout)
    i.rt_thread_timer_entry                  0x08003618   Section        0  timer.o(i.rt_thread_timer_entry)
    rt_thread_timer_entry                    0x08003619   Thumb Code    62  timer.o(i.rt_thread_timer_entry)
    i.rt_thread_yield                        0x0800365c   Section        0  thread.o(i.rt_thread_yield)
    i.rt_tick_get                            0x080036c0   Section        0  clock.o(i.rt_tick_get)
    i.rt_tick_increase                       0x080036cc   Section        0  clock.o(i.rt_tick_increase)
    i.rt_timer_check                         0x080036fc   Section        0  timer.o(i.rt_timer_check)
    i.rt_timer_control                       0x08003778   Section        0  timer.o(i.rt_timer_control)
    i.rt_timer_detach                        0x080037b0   Section        0  timer.o(i.rt_timer_detach)
    i.rt_timer_init                          0x080037d0   Section        0  timer.o(i.rt_timer_init)
    i.rt_timer_list_next_timeout             0x080037fe   Section        0  timer.o(i.rt_timer_list_next_timeout)
    rt_timer_list_next_timeout               0x080037ff   Thumb Code    28  timer.o(i.rt_timer_list_next_timeout)
    i.rt_timer_start                         0x0800381c   Section        0  timer.o(i.rt_timer_start)
    i.rt_timer_stop                          0x08003948   Section        0  timer.o(i.rt_timer_stop)
    i.rt_vsnprintf                           0x08003978   Section        0  kservice.o(i.rt_vsnprintf)
    i.rti_board_end                          0x08003ca8   Section        0  components.o(i.rti_board_end)
    rti_board_end                            0x08003ca9   Thumb Code     4  components.o(i.rti_board_end)
    i.rti_board_start                        0x08003cac   Section        0  components.o(i.rti_board_start)
    rti_board_start                          0x08003cad   Thumb Code     4  components.o(i.rti_board_start)
    i.rti_end                                0x08003cb0   Section        0  components.o(i.rti_end)
    rti_end                                  0x08003cb1   Thumb Code     4  components.o(i.rti_end)
    i.rti_start                              0x08003cb4   Section        0  components.o(i.rti_start)
    rti_start                                0x08003cb5   Thumb Code     4  components.o(i.rti_start)
    i.rtthread_startup                       0x08003cb8   Section        0  components.o(i.rtthread_startup)
    i.shell_auto_complete                    0x08003ce4   Section        0  shell.o(i.shell_auto_complete)
    shell_auto_complete                      0x08003ce5   Thumb Code    42  shell.o(i.shell_auto_complete)
    i.show_wait_queue                        0x08003d1c   Section        0  cmd.o(i.show_wait_queue)
    show_wait_queue                          0x08003d1d   Thumb Code    40  cmd.o(i.show_wait_queue)
    i.skip_atoi                              0x08003d4c   Section        0  kservice.o(i.skip_atoi)
    skip_atoi                                0x08003d4d   Thumb Code    38  kservice.o(i.skip_atoi)
    i.str_common                             0x08003d72   Section        0  msh.o(i.str_common)
    str_common                               0x08003d73   Thumb Code    32  msh.o(i.str_common)
    i.uart_init                              0x08003d94   Section        0  usart_init.o(i.uart_init)
    i.uart_io                                0x08003dfc   Section        0  usart_init.o(i.uart_io)
    i.usage_fault_track                      0x08003e7c   Section        0  cpuport.o(i.usage_fault_track)
    usage_fault_track                        0x08003e7d   Thumb Code   122  cpuport.o(i.usage_fault_track)
    i.version                                0x08003f64   Section        0  cmd.o(i.version)
    x$fpl$fpinit                             0x08003f6e   Section       10  fpinit.o(x$fpl$fpinit)
    $v0                                      0x08003f6e   Number         0  fpinit.o(x$fpl$fpinit)
    .constdata                               0x08003f78   Section      290  kservice.o(.constdata)
    small_digits                             0x08004078   Data          17  kservice.o(.constdata)
    large_digits                             0x08004089   Data          17  kservice.o(.constdata)
    .constdata                               0x0800409a   Section        9  mem.o(.constdata)
    .constdata                               0x080040a3   Section      147  cmd.o(.constdata)
    .constdata                               0x08004136   Section       31  msh.o(.constdata)
    .conststring                             0x08004158   Section       68  cmd.o(.conststring)
    .rti_fn.0                                0x0800419c   Section        4  components.o(.rti_fn.0)
    __tagsym$$used                           0x0800419c   Number         0  components.o(.rti_fn.0)
    .rti_fn.0.end                            0x080041a0   Section        4  components.o(.rti_fn.0.end)
    __tagsym$$used                           0x080041a0   Number         0  components.o(.rti_fn.0.end)
    .rti_fn.1                                0x080041a4   Section        4  usart_init.o(.rti_fn.1)
    __tagsym$$used                           0x080041a4   Number         0  usart_init.o(.rti_fn.1)
    .rti_fn.1.end                            0x080041a8   Section        4  components.o(.rti_fn.1.end)
    __tagsym$$used                           0x080041a8   Number         0  components.o(.rti_fn.1.end)
    .rti_fn.6                                0x080041ac   Section        4  shell.o(.rti_fn.6)
    __tagsym$$used                           0x080041ac   Number         0  shell.o(.rti_fn.6)
    .rti_fn.6.end                            0x080041b0   Section        4  components.o(.rti_fn.6.end)
    __tagsym$$used                           0x080041b0   Number         0  components.o(.rti_fn.6.end)
    FSymTab                                  0x080041b4   Section        8  mem.o(FSymTab)
    __tagsym$$used                           0x080041b4   Number         0  mem.o(FSymTab)
    FSymTab                                  0x080041bc   Section       96  cmd.o(FSymTab)
    __tagsym$$used                           0x080041bc   Number         0  cmd.o(FSymTab)
    __tagsym$$used                           0x080041c4   Number         0  cmd.o(FSymTab)
    __tagsym$$used                           0x080041cc   Number         0  cmd.o(FSymTab)
    __tagsym$$used                           0x080041d4   Number         0  cmd.o(FSymTab)
    __tagsym$$used                           0x080041dc   Number         0  cmd.o(FSymTab)
    __tagsym$$used                           0x080041e4   Number         0  cmd.o(FSymTab)
    __tagsym$$used                           0x080041ec   Number         0  cmd.o(FSymTab)
    __tagsym$$used                           0x080041f4   Number         0  cmd.o(FSymTab)
    __tagsym$$used                           0x080041fc   Number         0  cmd.o(FSymTab)
    __tagsym$$used                           0x08004204   Number         0  cmd.o(FSymTab)
    __tagsym$$used                           0x0800420c   Number         0  cmd.o(FSymTab)
    __tagsym$$used                           0x08004214   Number         0  cmd.o(FSymTab)
    FSymTab                                  0x0800421c   Section       24  msh.o(FSymTab)
    __tagsym$$used                           0x0800421c   Number         0  msh.o(FSymTab)
    __tagsym$$used                           0x08004224   Number         0  msh.o(FSymTab)
    __tagsym$$used                           0x0800422c   Number         0  msh.o(FSymTab)
    .data                                    0x20000000   Section       20  system_stm32f4xx.o(.data)
    .data                                    0x20000014   Section       16  stm32f4xx_rcc.o(.data)
    APBAHBPrescTable                         0x20000014   Data          16  stm32f4xx_rcc.o(.data)
    .data                                    0x20000024   Section       16  cpuport.o(.data)
    rt_exception_hook                        0x20000030   Data           4  cpuport.o(.data)
    .data                                    0x20000034   Section        4  clock.o(.data)
    rt_tick                                  0x20000034   Data           4  clock.o(.data)
    .data                                    0x20000038   Section        1  irq.o(.data)
    .data                                    0x2000003c   Section       24  mem.o(.data)
    heap_ptr                                 0x2000003c   Data           4  mem.o(.data)
    heap_end                                 0x20000040   Data           4  mem.o(.data)
    lfree                                    0x20000044   Data           4  mem.o(.data)
    mem_size_aligned                         0x20000048   Data           4  mem.o(.data)
    used_mem                                 0x2000004c   Data           4  mem.o(.data)
    max_mem                                  0x20000050   Data           4  mem.o(.data)
    .data                                    0x20000054   Section       64  object.o(.data)
    rt_object_container                      0x20000054   Data          64  object.o(.data)
    .data                                    0x20000094   Section       24  scheduler.o(.data)
    rt_scheduler_lock_nest                   0x20000094   Data           2  scheduler.o(.data)
    .data                                    0x200000ac   Section       20  timer.o(.data)
    rt_timer_list                            0x200000ac   Data           8  timer.o(.data)
    rt_soft_timer_list                       0x200000b4   Data           8  timer.o(.data)
    random_nr                                0x200000bc   Data           4  timer.o(.data)
    .data                                    0x200000c0   Section       24  shell.o(.data)
    finsh_prompt_custom                      0x200000d4   Data           4  shell.o(.data)
    .bss                                     0x200000d8   Section       60  usart_init.o(.bss)
    shell_rx_sem                             0x200000e4   Data          32  usart_init.o(.bss)
    .bss                                     0x20000114   Section     4096  board.o(.bss)
    rt_heap                                  0x20000114   Data        4096  board.o(.bss)
    .bss                                     0x20001114   Section      376  idle.o(.bss)
    idle                                     0x20001114   Data         120  idle.o(.bss)
    rt_thread_stack                          0x2000118c   Data         256  idle.o(.bss)
    .bss                                     0x2000128c   Section      128  kservice.o(.bss)
    rt_log_buf                               0x2000128c   Data         128  kservice.o(.bss)
    .bss                                     0x2000130c   Section       32  mem.o(.bss)
    heap_sem                                 0x2000130c   Data          32  mem.o(.bss)
    .bss                                     0x2000132c   Section       64  scheduler.o(.bss)
    .bss                                     0x2000136c   Section      632  timer.o(.bss)
    timer_thread                             0x2000136c   Data         120  timer.o(.bss)
    timer_thread_stack                       0x200013e4   Data         512  timer.o(.bss)
    .bss                                     0x200015e4   Section      129  shell.o(.bss)
    finsh_prompt                             0x200015e4   Data         129  shell.o(.bss)
    .bss                                     0x20001668   Section       96  libspace.o(.bss)
    HEAP                                     0x200016c8   Section      512  startup_stm32f40_41xxx.o(HEAP)
    Heap_Mem                                 0x200016c8   Data         512  startup_stm32f40_41xxx.o(HEAP)
    STACK                                    0x200018c8   Section     1024  startup_stm32f40_41xxx.o(STACK)
    Stack_Mem                                0x200018c8   Data        1024  startup_stm32f40_41xxx.o(STACK)
    __initial_sp                             0x20001cc8   Data           0  startup_stm32f40_41xxx.o(STACK)

    Global Symbols

    Symbol Name                              Value     Ov Type        Size  Object(Section)

    BuildAttributes$$THM_ISAv4$E$P$D$K$B$S$7EM$VFPi3$EXTD16$VFPS$VFMA$PE$A:L22UL41UL21$X:L11$S22US41US21$IEEE1$IW$USESV6$~STKCKD$USESV7$~SHL$OSPACE$ROPI$EBA8$UX$STANDARDLIB$REQ8$PRES8$EABIv2 0x00000000   Number         0  anon$$obj.o ABSOLUTE
    __ARM_use_no_argv                        0x00000000   Number         0  main.o ABSOLUTE
    __ARM_exceptions_init                     - Undefined Weak Reference
    __alloca_initialize                       - Undefined Weak Reference
    __arm_preinit_                            - Undefined Weak Reference
    __cpp_initialize__aeabi_                  - Undefined Weak Reference
    __cxa_finalize                            - Undefined Weak Reference
    __rt_locale                               - Undefined Weak Reference
    __sigvec_lookup                           - Undefined Weak Reference
    _atexit_init                              - Undefined Weak Reference
    _call_atexit_fns                          - Undefined Weak Reference
    _clock_init                               - Undefined Weak Reference
    _fp_trap_init                             - Undefined Weak Reference
    _fp_trap_shutdown                         - Undefined Weak Reference
    _get_lc_collate                           - Undefined Weak Reference
    _get_lc_ctype                             - Undefined Weak Reference
    _get_lc_monetary                          - Undefined Weak Reference
    _get_lc_numeric                           - Undefined Weak Reference
    _get_lc_time                              - Undefined Weak Reference
    _getenv_init                              - Undefined Weak Reference
    _handle_redirection                       - Undefined Weak Reference
    _init_alloc                               - Undefined Weak Reference
    _init_user_alloc                          - Undefined Weak Reference
    _initio                                   - Undefined Weak Reference
    _rand_init                                - Undefined Weak Reference
    _signal_finish                            - Undefined Weak Reference
    _signal_init                              - Undefined Weak Reference
    _terminate_alloc                          - Undefined Weak Reference
    _terminate_user_alloc                     - Undefined Weak Reference
    _terminateio                              - Undefined Weak Reference
    __Vectors_Size                           0x00000188   Number         0  startup_stm32f40_41xxx.o ABSOLUTE
    __Vectors                                0x08000000   Data           4  startup_stm32f40_41xxx.o(RESET)
    __Vectors_End                            0x08000188   Data           0  startup_stm32f40_41xxx.o(RESET)
    __main                                   0x08000189   Thumb Code     8  __main.o(!!!main)
    __scatterload                            0x08000191   Thumb Code     0  __scatter.o(!!!scatter)
    __scatterload_rt2                        0x08000191   Thumb Code    44  __scatter.o(!!!scatter)
    __scatterload_rt2_thumb_only             0x08000191   Thumb Code     0  __scatter.o(!!!scatter)
    __scatterload_null                       0x0800019f   Thumb Code     0  __scatter.o(!!!scatter)
    __scatterload_copy                       0x080001c5   Thumb Code    26  __scatter_copy.o(!!handler_copy)
    __scatterload_zeroinit                   0x080001e1   Thumb Code    28  __scatter_zi.o(!!handler_zi)
    __rt_lib_init                            0x080001fd   Thumb Code     0  libinit.o(.ARM.Collect$$libinit$$00000000)
    __rt_lib_init_fp_1                       0x080001ff   Thumb Code     0  libinit2.o(.ARM.Collect$$libinit$$00000001)
    __rt_lib_init_alloca_1                   0x08000203   Thumb Code     0  libinit2.o(.ARM.Collect$$libinit$$0000002E)
    __rt_lib_init_argv_1                     0x08000203   Thumb Code     0  libinit2.o(.ARM.Collect$$libinit$$0000002C)
    __rt_lib_init_atexit_1                   0x08000203   Thumb Code     0  libinit2.o(.ARM.Collect$$libinit$$0000001B)
    __rt_lib_init_clock_1                    0x08000203   Thumb Code     0  libinit2.o(.ARM.Collect$$libinit$$00000021)
    __rt_lib_init_cpp_1                      0x08000203   Thumb Code     0  libinit2.o(.ARM.Collect$$libinit$$00000032)
    __rt_lib_init_exceptions_1               0x08000203   Thumb Code     0  libinit2.o(.ARM.Collect$$libinit$$00000030)
    __rt_lib_init_fp_trap_1                  0x08000203   Thumb Code     0  libinit2.o(.ARM.Collect$$libinit$$0000001F)
    __rt_lib_init_getenv_1                   0x08000203   Thumb Code     0  libinit2.o(.ARM.Collect$$libinit$$00000023)
    __rt_lib_init_heap_1                     0x08000203   Thumb Code     0  libinit2.o(.ARM.Collect$$libinit$$0000000A)
    __rt_lib_init_lc_collate_1               0x08000203   Thumb Code     0  libinit2.o(.ARM.Collect$$libinit$$00000011)
    __rt_lib_init_lc_ctype_1                 0x08000203   Thumb Code     0  libinit2.o(.ARM.Collect$$libinit$$00000013)
    __rt_lib_init_lc_monetary_1              0x08000203   Thumb Code     0  libinit2.o(.ARM.Collect$$libinit$$00000015)
    __rt_lib_init_lc_numeric_1               0x08000203   Thumb Code     0  libinit2.o(.ARM.Collect$$libinit$$00000017)
    __rt_lib_init_lc_time_1                  0x08000203   Thumb Code     0  libinit2.o(.ARM.Collect$$libinit$$00000019)
    __rt_lib_init_preinit_1                  0x08000203   Thumb Code     0  libinit2.o(.ARM.Collect$$libinit$$00000004)
    __rt_lib_init_rand_1                     0x08000203   Thumb Code     0  libinit2.o(.ARM.Collect$$libinit$$0000000E)
    __rt_lib_init_return                     0x08000203   Thumb Code     0  libinit2.o(.ARM.Collect$$libinit$$00000033)
    __rt_lib_init_signal_1                   0x08000203   Thumb Code     0  libinit2.o(.ARM.Collect$$libinit$$0000001D)
    __rt_lib_init_stdio_1                    0x08000203   Thumb Code     0  libinit2.o(.ARM.Collect$$libinit$$00000025)
    __rt_lib_init_user_alloc_1               0x08000203   Thumb Code     0  libinit2.o(.ARM.Collect$$libinit$$0000000C)
    __rt_lib_shutdown                        0x08000205   Thumb Code     0  libshutdown.o(.ARM.Collect$$libshutdown$$00000000)
    __rt_lib_shutdown_cpp_1                  0x08000207   Thumb Code     0  libshutdown2.o(.ARM.Collect$$libshutdown$$00000002)
    __rt_lib_shutdown_fp_trap_1              0x08000207   Thumb Code     0  libshutdown2.o(.ARM.Collect$$libshutdown$$00000007)
    __rt_lib_shutdown_heap_1                 0x08000207   Thumb Code     0  libshutdown2.o(.ARM.Collect$$libshutdown$$0000000F)
    __rt_lib_shutdown_return                 0x08000207   Thumb Code     0  libshutdown2.o(.ARM.Collect$$libshutdown$$00000010)
    __rt_lib_shutdown_signal_1               0x08000207   Thumb Code     0  libshutdown2.o(.ARM.Collect$$libshutdown$$0000000A)
    __rt_lib_shutdown_stdio_1                0x08000207   Thumb Code     0  libshutdown2.o(.ARM.Collect$$libshutdown$$00000004)
    __rt_lib_shutdown_user_alloc_1           0x08000207   Thumb Code     0  libshutdown2.o(.ARM.Collect$$libshutdown$$0000000C)
    __rt_entry                               0x08000209   Thumb Code     0  __rtentry.o(.ARM.Collect$$rtentry$$00000000)
    __rt_entry_presh_1                       0x08000209   Thumb Code     0  __rtentry2.o(.ARM.Collect$$rtentry$$00000002)
    __rt_entry_sh                            0x08000209   Thumb Code     0  __rtentry4.o(.ARM.Collect$$rtentry$$00000004)
    __rt_entry_li                            0x0800020f   Thumb Code     0  __rtentry2.o(.ARM.Collect$$rtentry$$0000000A)
    __rt_entry_postsh_1                      0x0800020f   Thumb Code     0  __rtentry2.o(.ARM.Collect$$rtentry$$00000009)
    __rt_entry_main                          0x08000213   Thumb Code     0  __rtentry2.o(.ARM.Collect$$rtentry$$0000000D)
    __rt_entry_postli_1                      0x08000213   Thumb Code     0  __rtentry2.o(.ARM.Collect$$rtentry$$0000000C)
    __rt_exit                                0x0800021b   Thumb Code     0  rtexit.o(.ARM.Collect$$rtexit$$00000000)
    __rt_exit_ls                             0x0800021d   Thumb Code     0  rtexit2.o(.ARM.Collect$$rtexit$$00000003)
    __rt_exit_prels_1                        0x0800021d   Thumb Code     0  rtexit2.o(.ARM.Collect$$rtexit$$00000002)
    __rt_exit_exit                           0x08000221   Thumb Code     0  rtexit2.o(.ARM.Collect$$rtexit$$00000004)
    rt_hw_interrupt_disable                  0x08000229   Thumb Code     8  context_rvds.o(.text)
    rt_hw_interrupt_enable                   0x08000231   Thumb Code     6  context_rvds.o(.text)
    rt_hw_context_switch                     0x08000237   Thumb Code    32  context_rvds.o(.text)
    rt_hw_context_switch_interrupt           0x08000237   Thumb Code     0  context_rvds.o(.text)
    PendSV_Handler                           0x08000257   Thumb Code   108  context_rvds.o(.text)
    rt_hw_context_switch_to                  0x080002c3   Thumb Code    70  context_rvds.o(.text)
    rt_hw_interrupt_thread_switch            0x08000309   Thumb Code     2  context_rvds.o(.text)
    HardFault_Handler                        0x0800030b   Thumb Code    56  context_rvds.o(.text)
    Reset_Handler                            0x0800035d   Thumb Code     8  startup_stm32f40_41xxx.o(.text)
    ADC_IRQHandler                           0x08000377   Thumb Code     0  startup_stm32f40_41xxx.o(.text)
    CAN1_RX0_IRQHandler                      0x08000377   Thumb Code     0  startup_stm32f40_41xxx.o(.text)
    CAN1_RX1_IRQHandler                      0x08000377   Thumb Code     0  startup_stm32f40_41xxx.o(.text)
    CAN1_SCE_IRQHandler                      0x08000377   Thumb Code     0  startup_stm32f40_41xxx.o(.text)
    CAN1_TX_IRQHandler                       0x08000377   Thumb Code     0  startup_stm32f40_41xxx.o(.text)
    CAN2_RX0_IRQHandler                      0x08000377   Thumb Code     0  startup_stm32f40_41xxx.o(.text)
    CAN2_RX1_IRQHandler                      0x08000377   Thumb Code     0  startup_stm32f40_41xxx.o(.text)
    CAN2_SCE_IRQHandler                      0x08000377   Thumb Code     0  startup_stm32f40_41xxx.o(.text)
    CAN2_TX_IRQHandler                       0x08000377   Thumb Code     0  startup_stm32f40_41xxx.o(.text)
    CRYP_IRQHandler                          0x08000377   Thumb Code     0  startup_stm32f40_41xxx.o(.text)
    DCMI_IRQHandler                          0x08000377   Thumb Code     0  startup_stm32f40_41xxx.o(.text)
    DMA1_Stream0_IRQHandler                  0x08000377   Thumb Code     0  startup_stm32f40_41xxx.o(.text)
    DMA1_Stream1_IRQHandler                  0x08000377   Thumb Code     0  startup_stm32f40_41xxx.o(.text)
    DMA1_Stream2_IRQHandler                  0x08000377   Thumb Code     0  startup_stm32f40_41xxx.o(.text)
    DMA1_Stream3_IRQHandler                  0x08000377   Thumb Code     0  startup_stm32f40_41xxx.o(.text)
    DMA1_Stream4_IRQHandler                  0x08000377   Thumb Code     0  startup_stm32f40_41xxx.o(.text)
    DMA1_Stream5_IRQHandler                  0x08000377   Thumb Code     0  startup_stm32f40_41xxx.o(.text)
    DMA1_Stream6_IRQHandler                  0x08000377   Thumb Code     0  startup_stm32f40_41xxx.o(.text)
    DMA1_Stream7_IRQHandler                  0x08000377   Thumb Code     0  startup_stm32f40_41xxx.o(.text)
    DMA2_Stream0_IRQHandler                  0x08000377   Thumb Code     0  startup_stm32f40_41xxx.o(.text)
    DMA2_Stream1_IRQHandler                  0x08000377   Thumb Code     0  startup_stm32f40_41xxx.o(.text)
    DMA2_Stream2_IRQHandler                  0x08000377   Thumb Code     0  startup_stm32f40_41xxx.o(.text)
    DMA2_Stream3_IRQHandler                  0x08000377   Thumb Code     0  startup_stm32f40_41xxx.o(.text)
    DMA2_Stream4_IRQHandler                  0x08000377   Thumb Code     0  startup_stm32f40_41xxx.o(.text)
    DMA2_Stream5_IRQHandler                  0x08000377   Thumb Code     0  startup_stm32f40_41xxx.o(.text)
    DMA2_Stream6_IRQHandler                  0x08000377   Thumb Code     0  startup_stm32f40_41xxx.o(.text)
    DMA2_Stream7_IRQHandler                  0x08000377   Thumb Code     0  startup_stm32f40_41xxx.o(.text)
    ETH_IRQHandler                           0x08000377   Thumb Code     0  startup_stm32f40_41xxx.o(.text)
    ETH_WKUP_IRQHandler                      0x08000377   Thumb Code     0  startup_stm32f40_41xxx.o(.text)
    EXTI0_IRQHandler                         0x08000377   Thumb Code     0  startup_stm32f40_41xxx.o(.text)
    EXTI15_10_IRQHandler                     0x08000377   Thumb Code     0  startup_stm32f40_41xxx.o(.text)
    EXTI1_IRQHandler                         0x08000377   Thumb Code     0  startup_stm32f40_41xxx.o(.text)
    EXTI2_IRQHandler                         0x08000377   Thumb Code     0  startup_stm32f40_41xxx.o(.text)
    EXTI3_IRQHandler                         0x08000377   Thumb Code     0  startup_stm32f40_41xxx.o(.text)
    EXTI4_IRQHandler                         0x08000377   Thumb Code     0  startup_stm32f40_41xxx.o(.text)
    EXTI9_5_IRQHandler                       0x08000377   Thumb Code     0  startup_stm32f40_41xxx.o(.text)
    FLASH_IRQHandler                         0x08000377   Thumb Code     0  startup_stm32f40_41xxx.o(.text)
    FPU_IRQHandler                           0x08000377   Thumb Code     0  startup_stm32f40_41xxx.o(.text)
    FSMC_IRQHandler                          0x08000377   Thumb Code     0  startup_stm32f40_41xxx.o(.text)
    HASH_RNG_IRQHandler                      0x08000377   Thumb Code     0  startup_stm32f40_41xxx.o(.text)
    I2C1_ER_IRQHandler                       0x08000377   Thumb Code     0  startup_stm32f40_41xxx.o(.text)
    I2C1_EV_IRQHandler                       0x08000377   Thumb Code     0  startup_stm32f40_41xxx.o(.text)
    I2C2_ER_IRQHandler                       0x08000377   Thumb Code     0  startup_stm32f40_41xxx.o(.text)
    I2C2_EV_IRQHandler                       0x08000377   Thumb Code     0  startup_stm32f40_41xxx.o(.text)
    I2C3_ER_IRQHandler                       0x08000377   Thumb Code     0  startup_stm32f40_41xxx.o(.text)
    I2C3_EV_IRQHandler                       0x08000377   Thumb Code     0  startup_stm32f40_41xxx.o(.text)
    OTG_FS_IRQHandler                        0x08000377   Thumb Code     0  startup_stm32f40_41xxx.o(.text)
    OTG_FS_WKUP_IRQHandler                   0x08000377   Thumb Code     0  startup_stm32f40_41xxx.o(.text)
    OTG_HS_EP1_IN_IRQHandler                 0x08000377   Thumb Code     0  startup_stm32f40_41xxx.o(.text)
    OTG_HS_EP1_OUT_IRQHandler                0x08000377   Thumb Code     0  startup_stm32f40_41xxx.o(.text)
    OTG_HS_IRQHandler                        0x08000377   Thumb Code     0  startup_stm32f40_41xxx.o(.text)
    OTG_HS_WKUP_IRQHandler                   0x08000377   Thumb Code     0  startup_stm32f40_41xxx.o(.text)
    PVD_IRQHandler                           0x08000377   Thumb Code     0  startup_stm32f40_41xxx.o(.text)
    RCC_IRQHandler                           0x08000377   Thumb Code     0  startup_stm32f40_41xxx.o(.text)
    RTC_Alarm_IRQHandler                     0x08000377   Thumb Code     0  startup_stm32f40_41xxx.o(.text)
    RTC_WKUP_IRQHandler                      0x08000377   Thumb Code     0  startup_stm32f40_41xxx.o(.text)
    SDIO_IRQHandler                          0x08000377   Thumb Code     0  startup_stm32f40_41xxx.o(.text)
    SPI1_IRQHandler                          0x08000377   Thumb Code     0  startup_stm32f40_41xxx.o(.text)
    SPI2_IRQHandler                          0x08000377   Thumb Code     0  startup_stm32f40_41xxx.o(.text)
    SPI3_IRQHandler                          0x08000377   Thumb Code     0  startup_stm32f40_41xxx.o(.text)
    TAMP_STAMP_IRQHandler                    0x08000377   Thumb Code     0  startup_stm32f40_41xxx.o(.text)
    TIM1_BRK_TIM9_IRQHandler                 0x08000377   Thumb Code     0  startup_stm32f40_41xxx.o(.text)
    TIM1_CC_IRQHandler                       0x08000377   Thumb Code     0  startup_stm32f40_41xxx.o(.text)
    TIM1_TRG_COM_TIM11_IRQHandler            0x08000377   Thumb Code     0  startup_stm32f40_41xxx.o(.text)
    TIM1_UP_TIM10_IRQHandler                 0x08000377   Thumb Code     0  startup_stm32f40_41xxx.o(.text)
    TIM2_IRQHandler                          0x08000377   Thumb Code     0  startup_stm32f40_41xxx.o(.text)
    TIM3_IRQHandler                          0x08000377   Thumb Code     0  startup_stm32f40_41xxx.o(.text)
    TIM4_IRQHandler                          0x08000377   Thumb Code     0  startup_stm32f40_41xxx.o(.text)
    TIM5_IRQHandler                          0x08000377   Thumb Code     0  startup_stm32f40_41xxx.o(.text)
    TIM6_DAC_IRQHandler                      0x08000377   Thumb Code     0  startup_stm32f40_41xxx.o(.text)
    TIM7_IRQHandler                          0x08000377   Thumb Code     0  startup_stm32f40_41xxx.o(.text)
    TIM8_BRK_TIM12_IRQHandler                0x08000377   Thumb Code     0  startup_stm32f40_41xxx.o(.text)
    TIM8_CC_IRQHandler                       0x08000377   Thumb Code     0  startup_stm32f40_41xxx.o(.text)
    TIM8_TRG_COM_TIM14_IRQHandler            0x08000377   Thumb Code     0  startup_stm32f40_41xxx.o(.text)
    TIM8_UP_TIM13_IRQHandler                 0x08000377   Thumb Code     0  startup_stm32f40_41xxx.o(.text)
    UART4_IRQHandler                         0x08000377   Thumb Code     0  startup_stm32f40_41xxx.o(.text)
    UART5_IRQHandler                         0x08000377   Thumb Code     0  startup_stm32f40_41xxx.o(.text)
    USART2_IRQHandler                        0x08000377   Thumb Code     0  startup_stm32f40_41xxx.o(.text)
    USART3_IRQHandler                        0x08000377   Thumb Code     0  startup_stm32f40_41xxx.o(.text)
    USART6_IRQHandler                        0x08000377   Thumb Code     0  startup_stm32f40_41xxx.o(.text)
    WWDG_IRQHandler                          0x08000377   Thumb Code     0  startup_stm32f40_41xxx.o(.text)
    __user_initial_stackheap                 0x08000379   Thumb Code     0  startup_stm32f40_41xxx.o(.text)
    strcpy                                   0x0800039d   Thumb Code    72  strcpy.o(.text)
    strlen                                   0x080003e5   Thumb Code    62  strlen.o(.text)
    strncmp                                  0x08000423   Thumb Code   150  strncmp.o(.text)
    strcat                                   0x080004b9   Thumb Code    24  strcat.o(.text)
    __aeabi_memcpy4                          0x080004d1   Thumb Code     0  rt_memcpy_w.o(.text)
    __aeabi_memcpy8                          0x080004d1   Thumb Code     0  rt_memcpy_w.o(.text)
    __rt_memcpy_w                            0x080004d1   Thumb Code   100  rt_memcpy_w.o(.text)
    _memcpy_lastbytes_aligned                0x08000519   Thumb Code     0  rt_memcpy_w.o(.text)
    __aeabi_memclr                           0x08000535   Thumb Code     0  rt_memclr.o(.text)
    __rt_memclr                              0x08000535   Thumb Code    68  rt_memclr.o(.text)
    _memset                                  0x08000539   Thumb Code     0  rt_memclr.o(.text)
    __aeabi_memclr4                          0x08000579   Thumb Code     0  rt_memclr_w.o(.text)
    __aeabi_memclr8                          0x08000579   Thumb Code     0  rt_memclr_w.o(.text)
    __rt_memclr_w                            0x08000579   Thumb Code    78  rt_memclr_w.o(.text)
    _memset_w                                0x0800057d   Thumb Code     0  rt_memclr_w.o(.text)
    strncpy                                  0x080005c7   Thumb Code    86  strncpy.o(.text)
    __use_two_region_memory                  0x0800061d   Thumb Code     2  heapauxi.o(.text)
    __rt_heap_escrow$2region                 0x0800061f   Thumb Code     2  heapauxi.o(.text)
    __rt_heap_expand$2region                 0x08000621   Thumb Code     2  heapauxi.o(.text)
    __user_setup_stackheap                   0x08000623   Thumb Code    74  sys_stackheap_outer.o(.text)
    exit                                     0x0800066d   Thumb Code    18  exit.o(.text)
    __user_libspace                          0x08000681   Thumb Code     8  libspace.o(.text)
    __user_perproc_libspace                  0x08000681   Thumb Code     0  libspace.o(.text)
    __user_perthread_libspace                0x08000681   Thumb Code     0  libspace.o(.text)
    _sys_exit                                0x08000689   Thumb Code     8  sys_exit.o(.text)
    __I$use$semihosting                      0x08000695   Thumb Code     0  use_no_semi.o(.text)
    __use_no_semihosting_swi                 0x08000695   Thumb Code     2  use_no_semi.o(.text)
    __semihosting_library_function           0x08000697   Thumb Code     0  indicate_semi.o(.text)
    main                                     0x08000697   Thumb Code    10  components.o(i.$Sub$$main)
    BusFault_Handler                         0x080006a1   Thumb Code     4  stm32f4xx_it.o(i.BusFault_Handler)
    DebugMon_Handler                         0x080006a5   Thumb Code     2  stm32f4xx_it.o(i.DebugMon_Handler)
    GPIO_Init                                0x080006a7   Thumb Code   144  stm32f4xx_gpio.o(i.GPIO_Init)
    GPIO_PinAFConfig                         0x08000737   Thumb Code    70  stm32f4xx_gpio.o(i.GPIO_PinAFConfig)
    MemManage_Handler                        0x0800077d   Thumb Code     4  stm32f4xx_it.o(i.MemManage_Handler)
    NMI_Handler                              0x08000781   Thumb Code     2  stm32f4xx_it.o(i.NMI_Handler)
    NVIC_Init                                0x08000785   Thumb Code   106  misc.o(i.NVIC_Init)
    RCC_AHB1PeriphClockCmd                   0x080007fd   Thumb Code    26  stm32f4xx_rcc.o(i.RCC_AHB1PeriphClockCmd)
    RCC_APB2PeriphClockCmd                   0x0800081d   Thumb Code    26  stm32f4xx_rcc.o(i.RCC_APB2PeriphClockCmd)
    RCC_GetClocksFreq                        0x0800083d   Thumb Code   214  stm32f4xx_rcc.o(i.RCC_GetClocksFreq)
    SVC_Handler                              0x08000921   Thumb Code     2  stm32f4xx_it.o(i.SVC_Handler)
    SysTick_Handler                          0x080009c1   Thumb Code    16  board.o(i.SysTick_Handler)
    SystemCoreClockUpdate                    0x080009d1   Thumb Code   148  system_stm32f4xx.o(i.SystemCoreClockUpdate)
    SystemInit                               0x08000a75   Thumb Code    88  system_stm32f4xx.o(i.SystemInit)
    USART1_IRQHandler                        0x08000add   Thumb Code    84  usart_init.o(i.USART1_IRQHandler)
    USART_Cmd                                0x08000b3d   Thumb Code    24  stm32f4xx_usart.o(i.USART_Cmd)
    USART_GetFlagStatus                      0x08000b55   Thumb Code    26  stm32f4xx_usart.o(i.USART_GetFlagStatus)
    USART_GetITStatus                        0x08000b6f   Thumb Code    84  stm32f4xx_usart.o(i.USART_GetITStatus)
    USART_ITConfig                           0x08000bc3   Thumb Code    74  stm32f4xx_usart.o(i.USART_ITConfig)
    USART_Init                               0x08000c0d   Thumb Code   204  stm32f4xx_usart.o(i.USART_Init)
    USART_SendData                           0x08000ce1   Thumb Code     8  stm32f4xx_usart.o(i.USART_SendData)
    UsageFault_Handler                       0x08000ce9   Thumb Code     4  stm32f4xx_it.o(i.UsageFault_Handler)
    __rt_ffs                                 0x08000d1d   Thumb Code    70  kservice.o(i.__rt_ffs)
    cmd_free                                 0x08000fd9   Thumb Code    14  msh.o(i.cmd_free)
    cmd_ps                                   0x08000fe7   Thumb Code    14  msh.o(i.cmd_ps)
    finsh_get_prompt                         0x08000ff5   Thumb Code    84  shell.o(i.finsh_get_prompt)
    finsh_set_prompt_mode                    0x08001071   Thumb Code    22  shell.o(i.finsh_set_prompt_mode)
    finsh_system_function_init               0x0800108d   Thumb Code    10  shell.o(i.finsh_system_function_init)
    finsh_system_init                        0x080010a1   Thumb Code    98  shell.o(i.finsh_system_init)
    finsh_thread_entry                       0x0800113d   Thumb Code   936  shell.o(i.finsh_thread_entry)
    hello                                    0x08001585   Thumb Code    12  cmd.o(i.hello)
    list                                     0x080015a5   Thumb Code    52  cmd.o(i.list)
    list_mailbox                             0x080016b1   Thumb Code   224  cmd.o(i.list_mailbox)
    list_mem                                 0x0800180d   Thumb Code    34  mem.o(i.list_mem)
    list_sem                                 0x08001885   Thumb Code   216  cmd.o(i.list_sem)
    list_thread                              0x080019bd   Thumb Code   294  cmd.o(i.list_thread)
    list_timer                               0x08001ba1   Thumb Code   190  cmd.o(i.list_timer)
    $Super$$main                             0x08001d01   Thumb Code     4  main.o(i.main)
    main_thread_entry                        0x08001d05   Thumb Code    14  components.o(i.main_thread_entry)
    msh_auto_complete                        0x08001dfd   Thumb Code   138  msh.o(i.msh_auto_complete)
    msh_exec                                 0x08001e9d   Thumb Code    82  msh.o(i.msh_exec)
    msh_help                                 0x08001f65   Thumb Code    64  msh.o(i.msh_help)
    msh_is_used                              0x08001fd9   Thumb Code     4  msh.o(i.msh_is_used)
    rt_application_init                      0x080022f9   Thumb Code    32  components.o(i.rt_application_init)
    rt_calloc                                0x08002325   Thumb Code    34  mem.o(i.rt_calloc)
    rt_components_board_init                 0x08002349   Thumb Code    20  components.o(i.rt_components_board_init)
    rt_components_init                       0x08002365   Thumb Code    20  components.o(i.rt_components_init)
    rt_enter_critical                        0x08002381   Thumb Code    28  scheduler.o(i.rt_enter_critical)
    rt_exit_critical                         0x080023a1   Thumb Code    60  scheduler.o(i.rt_exit_critical)
    rt_free                                  0x080023e5   Thumb Code   128  mem.o(i.rt_free)
    rt_heap_begin_get                        0x080024c5   Thumb Code     4  board.o(i.rt_heap_begin_get)
    rt_heap_end_get                          0x080024cd   Thumb Code     4  board.o(i.rt_heap_end_get)
    rt_hw_board_init                         0x080024d5   Thumb Code    52  board.o(i.rt_hw_board_init)
    rt_hw_console_getchar                    0x0800250d   Thumb Code    36  usart_init.o(i.rt_hw_console_getchar)
    rt_hw_console_output                     0x08002539   Thumb Code    74  usart_init.o(i.rt_hw_console_output)
    rt_hw_hard_fault_exception               0x08002589   Thumb Code   220  cpuport.o(i.rt_hw_hard_fault_exception)
    rt_hw_stack_init                         0x080027b5   Thumb Code    74  cpuport.o(i.rt_hw_stack_init)
    rt_interrupt_enter                       0x08002805   Thumb Code    26  irq.o(i.rt_interrupt_enter)
    rt_interrupt_leave                       0x08002825   Thumb Code    26  irq.o(i.rt_interrupt_leave)
    rt_kprintf                               0x080028d5   Thumb Code    44  kservice.o(i.rt_kprintf)
    rt_malloc                                0x080029b9   Thumb Code   336  mem.o(i.rt_malloc)
    rt_memmove                               0x08002b25   Thumb Code    66  kservice.o(i.rt_memmove)
    rt_memset                                0x08002b67   Thumb Code    72  kservice.o(i.rt_memset)
    rt_object_allocate                       0x08002baf   Thumb Code    84  object.o(i.rt_object_allocate)
    rt_object_delete                         0x08002c03   Thumb Code    36  object.o(i.rt_object_delete)
    rt_object_detach                         0x08002c27   Thumb Code    30  object.o(i.rt_object_detach)
    rt_object_get_information                0x08002c45   Thumb Code    36  object.o(i.rt_object_get_information)
    rt_object_init                           0x08002c6d   Thumb Code    86  object.o(i.rt_object_init)
    rt_object_is_systemobject                0x08002cc3   Thumb Code    18  object.o(i.rt_object_is_systemobject)
    rt_ringbuffer_data_len                   0x08002cd5   Thumb Code   108  usart_init.o(i.rt_ringbuffer_data_len)
    rt_ringbuffer_getchar                    0x08002d41   Thumb Code    88  usart_init.o(i.rt_ringbuffer_getchar)
    rt_ringbuffer_putchar                    0x08002d99   Thumb Code    90  usart_init.o(i.rt_ringbuffer_putchar)
    rt_schedule                              0x08002df5   Thumb Code   106  scheduler.o(i.rt_schedule)
    rt_schedule_insert_thread                0x08002e79   Thumb Code    72  scheduler.o(i.rt_schedule_insert_thread)
    rt_schedule_remove_thread                0x08002ec9   Thumb Code    76  scheduler.o(i.rt_schedule_remove_thread)
    rt_sem_init                              0x08002f1d   Thumb Code    38  ipc.o(i.rt_sem_init)
    rt_sem_release                           0x08002f43   Thumb Code    58  ipc.o(i.rt_sem_release)
    rt_sem_take                              0x08002f7d   Thumb Code   116  ipc.o(i.rt_sem_take)
    rt_show_version                          0x08002ff1   Thumb Code    38  kservice.o(i.rt_show_version)
    rt_soft_timer_check                      0x080030a1   Thumb Code   120  timer.o(i.rt_soft_timer_check)
    rt_strlen                                0x0800311d   Thumb Code    18  kservice.o(i.rt_strlen)
    rt_strncpy                               0x0800312f   Thumb Code    52  kservice.o(i.rt_strncpy)
    rt_system_heap_init                      0x08003165   Thumb Code   160  mem.o(i.rt_system_heap_init)
    rt_system_scheduler_init                 0x0800325d   Thumb Code    52  scheduler.o(i.rt_system_scheduler_init)
    rt_system_scheduler_start                0x080032a9   Thumb Code    36  scheduler.o(i.rt_system_scheduler_start)
    rt_system_timer_init                     0x080032d9   Thumb Code    24  timer.o(i.rt_system_timer_init)
    rt_system_timer_thread_init              0x080032f5   Thumb Code    58  timer.o(i.rt_system_timer_thread_init)
    rt_thread_create                         0x08003349   Thumb Code    80  thread.o(i.rt_thread_create)
    rt_thread_delay                          0x08003399   Thumb Code    12  thread.o(i.rt_thread_delay)
    rt_thread_exit                           0x080033a5   Thumb Code    76  thread.o(i.rt_thread_exit)
    rt_thread_idle_excute                    0x08003401   Thumb Code   134  idle.o(i.rt_thread_idle_excute)
    rt_thread_idle_init                      0x0800348d   Thumb Code    38  idle.o(i.rt_thread_idle_init)
    rt_thread_init                           0x080034c9   Thumb Code    52  thread.o(i.rt_thread_init)
    rt_thread_resume                         0x080034fd   Thumb Code    60  thread.o(i.rt_thread_resume)
    rt_thread_self                           0x08003539   Thumb Code     6  thread.o(i.rt_thread_self)
    rt_thread_sleep                          0x08003545   Thumb Code    62  thread.o(i.rt_thread_sleep)
    rt_thread_startup                        0x08003589   Thumb Code    44  thread.o(i.rt_thread_startup)
    rt_thread_suspend                        0x080035b5   Thumb Code    68  thread.o(i.rt_thread_suspend)
    rt_thread_timeout                        0x080035f9   Thumb Code    32  thread.o(i.rt_thread_timeout)
    rt_thread_yield                          0x0800365d   Thumb Code    92  thread.o(i.rt_thread_yield)
    rt_tick_get                              0x080036c1   Thumb Code     6  clock.o(i.rt_tick_get)
    rt_tick_increase                         0x080036cd   Thumb Code    42  clock.o(i.rt_tick_increase)
    rt_timer_check                           0x080036fd   Thumb Code   118  timer.o(i.rt_timer_check)
    rt_timer_control                         0x08003779   Thumb Code    56  timer.o(i.rt_timer_control)
    rt_timer_detach                          0x080037b1   Thumb Code    32  timer.o(i.rt_timer_detach)
    rt_timer_init                            0x080037d1   Thumb Code    46  timer.o(i.rt_timer_init)
    rt_timer_start                           0x0800381d   Thumb Code   282  timer.o(i.rt_timer_start)
    rt_timer_stop                            0x08003949   Thumb Code    48  timer.o(i.rt_timer_stop)
    rt_vsnprintf                             0x08003979   Thumb Code   808  kservice.o(i.rt_vsnprintf)
    rtthread_startup                         0x08003cb9   Thumb Code    42  components.o(i.rtthread_startup)
    uart_init                                0x08003d95   Thumb Code   100  usart_init.o(i.uart_init)
    uart_io                                  0x08003dfd   Thumb Code   118  usart_init.o(i.uart_io)
    version                                  0x08003f65   Thumb Code    10  cmd.o(i.version)
    _fp_init                                 0x08003f6f   Thumb Code    10  fpinit.o(x$fpl$fpinit)
    __fplib_config_fpu_vfp                   0x08003f77   Thumb Code     0  fpinit.o(x$fpl$fpinit)
    __fplib_config_pureend_doubles           0x08003f77   Thumb Code     0  fpinit.o(x$fpl$fpinit)
    __lowest_bit_bitmap                      0x08003f78   Data         256  kservice.o(.constdata)
    __fsym_list_mem_name                     0x0800409a   Data           9  mem.o(.constdata)
    __fsym_hello_name                        0x080040a3   Data           6  cmd.o(.constdata)
    __fsym_version_name                      0x080040a9   Data           8  cmd.o(.constdata)
    __fsym___cmd_version_name                0x080040b1   Data          14  cmd.o(.constdata)
    __fsym_list_thread_name                  0x080040bf   Data          12  cmd.o(.constdata)
    __fsym___cmd_list_thread_name            0x080040cb   Data          18  cmd.o(.constdata)
    __fsym_list_sem_name                     0x080040dd   Data           9  cmd.o(.constdata)
    __fsym___cmd_list_sem_name               0x080040e6   Data          15  cmd.o(.constdata)
    __fsym_list_mailbox_name                 0x080040f5   Data          13  cmd.o(.constdata)
    __fsym___cmd_list_mailbox_name           0x08004102   Data          19  cmd.o(.constdata)
    __fsym_list_timer_name                   0x08004115   Data          11  cmd.o(.constdata)
    __fsym___cmd_list_timer_name             0x08004120   Data          17  cmd.o(.constdata)
    __fsym_list_name                         0x08004131   Data           5  cmd.o(.constdata)
    __fsym___cmd_help_name                   0x08004136   Data          11  msh.o(.constdata)
    __fsym___cmd_ps_name                     0x08004141   Data           9  msh.o(.constdata)
    __fsym___cmd_free_name                   0x0800414a   Data          11  msh.o(.constdata)
    __rt_init_rti_start                      0x0800419c   Data           4  components.o(.rti_fn.0)
    __rt_init_rti_board_start                0x080041a0   Data           4  components.o(.rti_fn.0.end)
    __rt_init_uart_init                      0x080041a4   Data           4  usart_init.o(.rti_fn.1)
    __rt_init_rti_board_end                  0x080041a8   Data           4  components.o(.rti_fn.1.end)
    __rt_init_finsh_system_init              0x080041ac   Data           4  shell.o(.rti_fn.6)
    __rt_init_rti_end                        0x080041b0   Data           4  components.o(.rti_fn.6.end)
    FSymTab$$Base                            0x080041b4   Number         0  mem.o(FSymTab)
    __fsym_list_mem                          0x080041b4   Data           8  mem.o(FSymTab)
    __fsym_hello                             0x080041bc   Data           8  cmd.o(FSymTab)
    __fsym_version                           0x080041c4   Data           8  cmd.o(FSymTab)
    __fsym___cmd_version                     0x080041cc   Data           8  cmd.o(FSymTab)
    __fsym_list_thread                       0x080041d4   Data           8  cmd.o(FSymTab)
    __fsym___cmd_list_thread                 0x080041dc   Data           8  cmd.o(FSymTab)
    __fsym_list_sem                          0x080041e4   Data           8  cmd.o(FSymTab)
    __fsym___cmd_list_sem                    0x080041ec   Data           8  cmd.o(FSymTab)
    __fsym_list_mailbox                      0x080041f4   Data           8  cmd.o(FSymTab)
    __fsym___cmd_list_mailbox                0x080041fc   Data           8  cmd.o(FSymTab)
    __fsym_list_timer                        0x08004204   Data           8  cmd.o(FSymTab)
    __fsym___cmd_list_timer                  0x0800420c   Data           8  cmd.o(FSymTab)
    __fsym_list                              0x08004214   Data           8  cmd.o(FSymTab)
    __fsym___cmd_help                        0x0800421c   Data           8  msh.o(FSymTab)
    __fsym___cmd_ps                          0x08004224   Data           8  msh.o(FSymTab)
    __fsym___cmd_free                        0x0800422c   Data           8  msh.o(FSymTab)
    FSymTab$$Limit                           0x08004234   Number         0  msh.o(FSymTab)
    Region$$Table$$Base                      0x08004234   Number         0  anon$$obj.o(Region$$Table)
    Region$$Table$$Limit                     0x08004254   Number         0  anon$$obj.o(Region$$Table)
    SystemCoreClock                          0x20000000   Data           4  system_stm32f4xx.o(.data)
    AHBPrescTable                            0x20000004   Data          16  system_stm32f4xx.o(.data)
    rt_interrupt_from_thread                 0x20000024   Data           4  cpuport.o(.data)
    rt_interrupt_to_thread                   0x20000028   Data           4  cpuport.o(.data)
    rt_thread_switch_interrupt_flag          0x2000002c   Data           4  cpuport.o(.data)
    rt_interrupt_nest                        0x20000038   Data           1  irq.o(.data)
    rt_current_thread                        0x20000098   Data           4  scheduler.o(.data)
    rt_current_priority                      0x2000009c   Data           1  scheduler.o(.data)
    rt_thread_ready_priority_group           0x200000a0   Data           4  scheduler.o(.data)
    rt_thread_defunct                        0x200000a4   Data           8  scheduler.o(.data)
    _syscall_table_begin                     0x200000c0   Data           4  shell.o(.data)
    _syscall_table_end                       0x200000c4   Data           4  shell.o(.data)
    _sysvar_table_begin                      0x200000c8   Data           4  shell.o(.data)
    _sysvar_table_end                        0x200000cc   Data           4  shell.o(.data)
    shell                                    0x200000d0   Data           4  shell.o(.data)
    uart_rxcb                                0x200000d8   Data          12  usart_init.o(.bss)
    uart_rx_buf                              0x20000104   Data          16  usart_init.o(.bss)
    rt_thread_priority_table                 0x2000132c   Data          64  scheduler.o(.bss)
    __libspace_start                         0x20001668   Data          96  libspace.o(.bss)
    __temporary_stack_top$libspace           0x200016c8   Data           0  libspace.o(.bss)



==============================================================================

Memory Map of the image

  Image Entry point : 0x08000189

  Load Region LR_IROM1 (Base: 0x08000000, Size: 0x0000432c, Max: 0x00080000, ABSOLUTE)

    Execution Region ER_IROM1 (Exec base: 0x08000000, Load base: 0x08000000, Size: 0x00004254, Max: 0x00080000, ABSOLUTE)

    Exec Addr    Load Addr    Size         Type   Attr      Idx    E Section Name        Object

    0x08000000   0x08000000   0x00000188   Data   RO         6018    RESET               startup_stm32f40_41xxx.o
    0x08000188   0x08000188   0x00000008   Code   RO         6290  * !!!main             c_w.l(__main.o)
    0x08000190   0x08000190   0x00000034   Code   RO         6447    !!!scatter          c_w.l(__scatter.o)
    0x080001c4   0x080001c4   0x0000001a   Code   RO         6449    !!handler_copy      c_w.l(__scatter_copy.o)
    0x080001de   0x080001de   0x00000002   PAD
    0x080001e0   0x080001e0   0x0000001c   Code   RO         6451    !!handler_zi        c_w.l(__scatter_zi.o)
    0x080001fc   0x080001fc   0x00000002   Code   RO         6317    .ARM.Collect$$libinit$$00000000  c_w.l(libinit.o)
    0x080001fe   0x080001fe   0x00000004   Code   RO         6323    .ARM.Collect$$libinit$$00000001  c_w.l(libinit2.o)
    0x08000202   0x08000202   0x00000000   Code   RO         6326    .ARM.Collect$$libinit$$00000004  c_w.l(libinit2.o)
    0x08000202   0x08000202   0x00000000   Code   RO         6329    .ARM.Collect$$libinit$$0000000A  c_w.l(libinit2.o)
    0x08000202   0x08000202   0x00000000   Code   RO         6331    .ARM.Collect$$libinit$$0000000C  c_w.l(libinit2.o)
    0x08000202   0x08000202   0x00000000   Code   RO         6333    .ARM.Collect$$libinit$$0000000E  c_w.l(libinit2.o)
    0x08000202   0x08000202   0x00000000   Code   RO         6336    .ARM.Collect$$libinit$$00000011  c_w.l(libinit2.o)
    0x08000202   0x08000202   0x00000000   Code   RO         6338    .ARM.Collect$$libinit$$00000013  c_w.l(libinit2.o)
    0x08000202   0x08000202   0x00000000   Code   RO         6340    .ARM.Collect$$libinit$$00000015  c_w.l(libinit2.o)
    0x08000202   0x08000202   0x00000000   Code   RO         6342    .ARM.Collect$$libinit$$00000017  c_w.l(libinit2.o)
    0x08000202   0x08000202   0x00000000   Code   RO         6344    .ARM.Collect$$libinit$$00000019  c_w.l(libinit2.o)
    0x08000202   0x08000202   0x00000000   Code   RO         6346    .ARM.Collect$$libinit$$0000001B  c_w.l(libinit2.o)
    0x08000202   0x08000202   0x00000000   Code   RO         6348    .ARM.Collect$$libinit$$0000001D  c_w.l(libinit2.o)
    0x08000202   0x08000202   0x00000000   Code   RO         6350    .ARM.Collect$$libinit$$0000001F  c_w.l(libinit2.o)
    0x08000202   0x08000202   0x00000000   Code   RO         6352    .ARM.Collect$$libinit$$00000021  c_w.l(libinit2.o)
    0x08000202   0x08000202   0x00000000   Code   RO         6354    .ARM.Collect$$libinit$$00000023  c_w.l(libinit2.o)
    0x08000202   0x08000202   0x00000000   Code   RO         6356    .ARM.Collect$$libinit$$00000025  c_w.l(libinit2.o)
    0x08000202   0x08000202   0x00000000   Code   RO         6360    .ARM.Collect$$libinit$$0000002C  c_w.l(libinit2.o)
    0x08000202   0x08000202   0x00000000   Code   RO         6362    .ARM.Collect$$libinit$$0000002E  c_w.l(libinit2.o)
    0x08000202   0x08000202   0x00000000   Code   RO         6364    .ARM.Collect$$libinit$$00000030  c_w.l(libinit2.o)
    0x08000202   0x08000202   0x00000000   Code   RO         6366    .ARM.Collect$$libinit$$00000032  c_w.l(libinit2.o)
    0x08000202   0x08000202   0x00000002   Code   RO         6367    .ARM.Collect$$libinit$$00000033  c_w.l(libinit2.o)
    0x08000204   0x08000204   0x00000002   Code   RO         6387    .ARM.Collect$$libshutdown$$00000000  c_w.l(libshutdown.o)
    0x08000206   0x08000206   0x00000000   Code   RO         6400    .ARM.Collect$$libshutdown$$00000002  c_w.l(libshutdown2.o)
    0x08000206   0x08000206   0x00000000   Code   RO         6402    .ARM.Collect$$libshutdown$$00000004  c_w.l(libshutdown2.o)
    0x08000206   0x08000206   0x00000000   Code   RO         6405    .ARM.Collect$$libshutdown$$00000007  c_w.l(libshutdown2.o)
    0x08000206   0x08000206   0x00000000   Code   RO         6408    .ARM.Collect$$libshutdown$$0000000A  c_w.l(libshutdown2.o)
    0x08000206   0x08000206   0x00000000   Code   RO         6410    .ARM.Collect$$libshutdown$$0000000C  c_w.l(libshutdown2.o)
    0x08000206   0x08000206   0x00000000   Code   RO         6413    .ARM.Collect$$libshutdown$$0000000F  c_w.l(libshutdown2.o)
    0x08000206   0x08000206   0x00000002   Code   RO         6414    .ARM.Collect$$libshutdown$$00000010  c_w.l(libshutdown2.o)
    0x08000208   0x08000208   0x00000000   Code   RO         6292    .ARM.Collect$$rtentry$$00000000  c_w.l(__rtentry.o)
    0x08000208   0x08000208   0x00000000   Code   RO         6294    .ARM.Collect$$rtentry$$00000002  c_w.l(__rtentry2.o)
    0x08000208   0x08000208   0x00000006   Code   RO         6306    .ARM.Collect$$rtentry$$00000004  c_w.l(__rtentry4.o)
    0x0800020e   0x0800020e   0x00000000   Code   RO         6296    .ARM.Collect$$rtentry$$00000009  c_w.l(__rtentry2.o)
    0x0800020e   0x0800020e   0x00000004   Code   RO         6297    .ARM.Collect$$rtentry$$0000000A  c_w.l(__rtentry2.o)
    0x08000212   0x08000212   0x00000000   Code   RO         6299    .ARM.Collect$$rtentry$$0000000C  c_w.l(__rtentry2.o)
    0x08000212   0x08000212   0x00000008   Code   RO         6300    .ARM.Collect$$rtentry$$0000000D  c_w.l(__rtentry2.o)
    0x0800021a   0x0800021a   0x00000002   Code   RO         6321    .ARM.Collect$$rtexit$$00000000  c_w.l(rtexit.o)
    0x0800021c   0x0800021c   0x00000000   Code   RO         6369    .ARM.Collect$$rtexit$$00000002  c_w.l(rtexit2.o)
    0x0800021c   0x0800021c   0x00000004   Code   RO         6370    .ARM.Collect$$rtexit$$00000003  c_w.l(rtexit2.o)
    0x08000220   0x08000220   0x00000006   Code   RO         6371    .ARM.Collect$$rtexit$$00000004  c_w.l(rtexit2.o)
    0x08000226   0x08000226   0x00000002   PAD
    0x08000228   0x08000228   0x00000134   Code   RO         5040    .text               context_rvds.o
    0x0800035c   0x0800035c   0x00000040   Code   RO         6019    .text               startup_stm32f40_41xxx.o
    0x0800039c   0x0800039c   0x00000048   Code   RO         6272    .text               c_w.l(strcpy.o)
    0x080003e4   0x080003e4   0x0000003e   Code   RO         6274    .text               c_w.l(strlen.o)
    0x08000422   0x08000422   0x00000096   Code   RO         6276    .text               c_w.l(strncmp.o)
    0x080004b8   0x080004b8   0x00000018   Code   RO         6278    .text               c_w.l(strcat.o)
    0x080004d0   0x080004d0   0x00000064   Code   RO         6280    .text               c_w.l(rt_memcpy_w.o)
    0x08000534   0x08000534   0x00000044   Code   RO         6282    .text               c_w.l(rt_memclr.o)
    0x08000578   0x08000578   0x0000004e   Code   RO         6284    .text               c_w.l(rt_memclr_w.o)
    0x080005c6   0x080005c6   0x00000056   Code   RO         6286    .text               c_w.l(strncpy.o)
    0x0800061c   0x0800061c   0x00000006   Code   RO         6288    .text               c_w.l(heapauxi.o)
    0x08000622   0x08000622   0x0000004a   Code   RO         6308    .text               c_w.l(sys_stackheap_outer.o)
    0x0800066c   0x0800066c   0x00000012   Code   RO         6310    .text               c_w.l(exit.o)
    0x0800067e   0x0800067e   0x00000002   PAD
    0x08000680   0x08000680   0x00000008   Code   RO         6318    .text               c_w.l(libspace.o)
    0x08000688   0x08000688   0x0000000c   Code   RO         6379    .text               c_w.l(sys_exit.o)
    0x08000694   0x08000694   0x00000002   Code   RO         6390    .text               c_w.l(use_no_semi.o)
    0x08000696   0x08000696   0x00000000   Code   RO         6392    .text               c_w.l(indicate_semi.o)
    0x08000696   0x08000696   0x0000000a   Code   RO         5082    i.$Sub$$main        components.o
    0x080006a0   0x080006a0   0x00000004   Code   RO          263    i.BusFault_Handler  stm32f4xx_it.o
    0x080006a4   0x080006a4   0x00000002   Code   RO          264    i.DebugMon_Handler  stm32f4xx_it.o
    0x080006a6   0x080006a6   0x00000090   Code   RO         1970    i.GPIO_Init         stm32f4xx_gpio.o
    0x08000736   0x08000736   0x00000046   Code   RO         1971    i.GPIO_PinAFConfig  stm32f4xx_gpio.o
    0x0800077c   0x0800077c   0x00000004   Code   RO          265    i.MemManage_Handler  stm32f4xx_it.o
    0x08000780   0x08000780   0x00000002   Code   RO          266    i.NMI_Handler       stm32f4xx_it.o
    0x08000782   0x08000782   0x00000002   PAD
    0x08000784   0x08000784   0x00000078   Code   RO          369    i.NVIC_Init         misc.o
    0x080007fc   0x080007fc   0x00000020   Code   RO         2837    i.RCC_AHB1PeriphClockCmd  stm32f4xx_rcc.o
    0x0800081c   0x0800081c   0x00000020   Code   RO         2849    i.RCC_APB2PeriphClockCmd  stm32f4xx_rcc.o
    0x0800083c   0x0800083c   0x000000e4   Code   RO         2858    i.RCC_GetClocksFreq  stm32f4xx_rcc.o
    0x08000920   0x08000920   0x00000002   Code   RO          267    i.SVC_Handler       stm32f4xx_it.o
    0x08000922   0x08000922   0x00000002   PAD
    0x08000924   0x08000924   0x0000009c   Code   RO          332    i.SetSysClock       system_stm32f4xx.o
    0x080009c0   0x080009c0   0x00000010   Code   RO          215    i.SysTick_Handler   board.o
    0x080009d0   0x080009d0   0x000000a4   Code   RO          333    i.SystemCoreClockUpdate  system_stm32f4xx.o
    0x08000a74   0x08000a74   0x00000068   Code   RO          334    i.SystemInit        system_stm32f4xx.o
    0x08000adc   0x08000adc   0x00000060   Code   RO          137    i.USART1_IRQHandler  usart_init.o
    0x08000b3c   0x08000b3c   0x00000018   Code   RO         4737    i.USART_Cmd         stm32f4xx_usart.o
    0x08000b54   0x08000b54   0x0000001a   Code   RO         4740    i.USART_GetFlagStatus  stm32f4xx_usart.o
    0x08000b6e   0x08000b6e   0x00000054   Code   RO         4741    i.USART_GetITStatus  stm32f4xx_usart.o
    0x08000bc2   0x08000bc2   0x0000004a   Code   RO         4743    i.USART_ITConfig    stm32f4xx_usart.o
    0x08000c0c   0x08000c0c   0x000000d4   Code   RO         4744    i.USART_Init        stm32f4xx_usart.o
    0x08000ce0   0x08000ce0   0x00000008   Code   RO         4754    i.USART_SendData    stm32f4xx_usart.o
    0x08000ce8   0x08000ce8   0x00000004   Code   RO          268    i.UsageFault_Handler  stm32f4xx_it.o
    0x08000cec   0x08000cec   0x00000030   Code   RO          216    i._SysTick_Config   board.o
    0x08000d1c   0x08000d1c   0x0000004c   Code   RO         5363    i.__rt_ffs          kservice.o
    0x08000d68   0x08000d68   0x00000014   Code   RO         5156    i._has_defunct_thread  idle.o
    0x08000d7c   0x08000d7c   0x0000006a   Code   RO         6109    i._msh_exec_cmd     msh.o
    0x08000de6   0x08000de6   0x00000002   PAD
    0x08000de8   0x08000de8   0x00000084   Code   RO         5776    i._rt_thread_init   thread.o
    0x08000e6c   0x08000e6c   0x00000042   Code   RO         5897    i._rt_timer_init    timer.o
    0x08000eae   0x08000eae   0x0000002e   Code   RO         5898    i._rt_timer_remove  timer.o
    0x08000edc   0x08000edc   0x000000fc   Code   RO         4981    i.bus_fault_track   cpuport.o
    0x08000fd8   0x08000fd8   0x0000000e   Code   RO         6110    i.cmd_free          msh.o
    0x08000fe6   0x08000fe6   0x0000000e   Code   RO         6111    i.cmd_ps            msh.o
    0x08000ff4   0x08000ff4   0x00000074   Code   RO         6182    i.finsh_get_prompt  shell.o
    0x08001068   0x08001068   0x00000008   Code   RO         6184    i.finsh_getchar     shell.o
    0x08001070   0x08001070   0x0000001c   Code   RO         6187    i.finsh_set_prompt_mode  shell.o
    0x0800108c   0x0800108c   0x00000014   Code   RO         6188    i.finsh_system_function_init  shell.o
    0x080010a0   0x080010a0   0x0000009c   Code   RO         6189    i.finsh_system_init  shell.o
    0x0800113c   0x0800113c   0x000003c8   Code   RO         6191    i.finsh_thread_entry  shell.o
    0x08001504   0x08001504   0x00000080   Code   RO         4982    i.hard_fault_track  cpuport.o
    0x08001584   0x08001584   0x00000020   Code   RO         6023    i.hello             cmd.o
    0x080015a4   0x080015a4   0x00000058   Code   RO         6024    i.list              cmd.o
    0x080015fc   0x080015fc   0x0000002a   Code   RO         6025    i.list_find_init    cmd.o
    0x08001626   0x08001626   0x00000088   Code   RO         6026    i.list_get_next     cmd.o
    0x080016ae   0x080016ae   0x00000002   PAD
    0x080016b0   0x080016b0   0x0000015c   Code   RO         6027    i.list_mailbox      cmd.o
    0x0800180c   0x0800180c   0x00000078   Code   RO         5540    i.list_mem          mem.o
    0x08001884   0x08001884   0x00000138   Code   RO         6028    i.list_sem          cmd.o
    0x080019bc   0x080019bc   0x000001e4   Code   RO         6029    i.list_thread       cmd.o
    0x08001ba0   0x08001ba0   0x00000160   Code   RO         6030    i.list_timer        cmd.o
    0x08001d00   0x08001d00   0x00000004   Code   RO            3    i.main              main.o
    0x08001d04   0x08001d04   0x0000000e   Code   RO         5083    i.main_thread_entry  components.o
    0x08001d12   0x08001d12   0x00000002   PAD
    0x08001d14   0x08001d14   0x000000e8   Code   RO         4983    i.mem_manage_fault_track  cpuport.o
    0x08001dfc   0x08001dfc   0x000000a0   Code   RO         6112    i.msh_auto_complete  msh.o
    0x08001e9c   0x08001e9c   0x0000006c   Code   RO         6113    i.msh_exec          msh.o
    0x08001f08   0x08001f08   0x0000005c   Code   RO         6114    i.msh_get_cmd       msh.o
    0x08001f64   0x08001f64   0x00000074   Code   RO         6115    i.msh_help          msh.o
    0x08001fd8   0x08001fd8   0x00000004   Code   RO         6116    i.msh_is_used       msh.o
    0x08001fdc   0x08001fdc   0x000000f0   Code   RO         6117    i.msh_split         msh.o
    0x080020cc   0x080020cc   0x0000001c   Code   RO         6031    i.object_split      cmd.o
    0x080020e8   0x080020e8   0x00000078   Code   RO         5541    i.plug_holes        mem.o
    0x08002160   0x08002160   0x00000198   Code   RO         5365    i.print_number      kservice.o
    0x080022f8   0x080022f8   0x0000002c   Code   RO         5084    i.rt_application_init  components.o
    0x08002324   0x08002324   0x00000022   Code   RO         5542    i.rt_calloc         mem.o
    0x08002346   0x08002346   0x00000002   PAD
    0x08002348   0x08002348   0x0000001c   Code   RO         5085    i.rt_components_board_init  components.o
    0x08002364   0x08002364   0x0000001c   Code   RO         5086    i.rt_components_init  components.o
    0x08002380   0x08002380   0x00000020   Code   RO         5704    i.rt_enter_critical  scheduler.o
    0x080023a0   0x080023a0   0x00000044   Code   RO         5705    i.rt_exit_critical  scheduler.o
    0x080023e4   0x080023e4   0x000000e0   Code   RO         5543    i.rt_free           mem.o
    0x080024c4   0x080024c4   0x00000008   Code   RO          217    i.rt_heap_begin_get  board.o
    0x080024cc   0x080024cc   0x00000008   Code   RO          218    i.rt_heap_end_get   board.o
    0x080024d4   0x080024d4   0x00000038   Code   RO          219    i.rt_hw_board_init  board.o
    0x0800250c   0x0800250c   0x0000002c   Code   RO          138    i.rt_hw_console_getchar  usart_init.o
    0x08002538   0x08002538   0x00000050   Code   RO          139    i.rt_hw_console_output  usart_init.o
    0x08002588   0x08002588   0x0000022c   Code   RO         4987    i.rt_hw_hard_fault_exception  cpuport.o
    0x080027b4   0x080027b4   0x00000050   Code   RO         4988    i.rt_hw_stack_init  cpuport.o
    0x08002804   0x08002804   0x00000020   Code   RO         5336    i.rt_interrupt_enter  irq.o
    0x08002824   0x08002824   0x00000020   Code   RO         5338    i.rt_interrupt_leave  irq.o
    0x08002844   0x08002844   0x00000014   Code   RO         5196    i.rt_ipc_list_resume  ipc.o
    0x08002858   0x08002858   0x0000006c   Code   RO         5198    i.rt_ipc_list_suspend  ipc.o
    0x080028c4   0x080028c4   0x00000010   Code   RO         5199    i.rt_ipc_object_init  ipc.o
    0x080028d4   0x080028d4   0x00000030   Code   RO         5369    i.rt_kprintf        kservice.o
    0x08002904   0x08002904   0x00000006   Code   RO         5200    i.rt_list_init      ipc.o
    0x0800290a   0x0800290a   0x00000006   Code   RO         5706    i.rt_list_init      scheduler.o
    0x08002910   0x08002910   0x00000006   Code   RO         5899    i.rt_list_init      timer.o
    0x08002916   0x08002916   0x0000000e   Code   RO         5628    i.rt_list_insert_after  object.o
    0x08002924   0x08002924   0x0000000e   Code   RO         5777    i.rt_list_insert_after  thread.o
    0x08002932   0x08002932   0x0000000e   Code   RO         5900    i.rt_list_insert_after  timer.o
    0x08002940   0x08002940   0x0000000e   Code   RO         5201    i.rt_list_insert_before  ipc.o
    0x0800294e   0x0800294e   0x00000010   Code   RO         5202    i.rt_list_isempty   ipc.o
    0x0800295e   0x0800295e   0x00000010   Code   RO         5901    i.rt_list_isempty   timer.o
    0x0800296e   0x0800296e   0x00000010   Code   RO         6032    i.rt_list_isempty   cmd.o
    0x0800297e   0x0800297e   0x00000014   Code   RO         6033    i.rt_list_len       cmd.o
    0x08002992   0x08002992   0x00000012   Code   RO         5629    i.rt_list_remove    object.o
    0x080029a4   0x080029a4   0x00000012   Code   RO         5778    i.rt_list_remove    thread.o
    0x080029b6   0x080029b6   0x00000002   PAD
    0x080029b8   0x080029b8   0x0000016c   Code   RO         5544    i.rt_malloc         mem.o
    0x08002b24   0x08002b24   0x00000042   Code   RO         5374    i.rt_memmove        kservice.o
    0x08002b66   0x08002b66   0x00000048   Code   RO         5375    i.rt_memset         kservice.o
    0x08002bae   0x08002bae   0x00000054   Code   RO         5630    i.rt_object_allocate  object.o
    0x08002c02   0x08002c02   0x00000024   Code   RO         5631    i.rt_object_delete  object.o
    0x08002c26   0x08002c26   0x0000001e   Code   RO         5632    i.rt_object_detach  object.o
    0x08002c44   0x08002c44   0x00000028   Code   RO         5634    i.rt_object_get_information  object.o
    0x08002c6c   0x08002c6c   0x00000056   Code   RO         5636    i.rt_object_init    object.o
    0x08002cc2   0x08002cc2   0x00000012   Code   RO         5637    i.rt_object_is_systemobject  object.o
    0x08002cd4   0x08002cd4   0x0000006c   Code   RO          140    i.rt_ringbuffer_data_len  usart_init.o
    0x08002d40   0x08002d40   0x00000058   Code   RO          141    i.rt_ringbuffer_getchar  usart_init.o
    0x08002d98   0x08002d98   0x0000005a   Code   RO          143    i.rt_ringbuffer_putchar  usart_init.o
    0x08002df2   0x08002df2   0x00000002   PAD
    0x08002df4   0x08002df4   0x00000084   Code   RO         5707    i.rt_schedule       scheduler.o
    0x08002e78   0x08002e78   0x00000050   Code   RO         5708    i.rt_schedule_insert_thread  scheduler.o
    0x08002ec8   0x08002ec8   0x00000054   Code   RO         5709    i.rt_schedule_remove_thread  scheduler.o
    0x08002f1c   0x08002f1c   0x00000026   Code   RO         5215    i.rt_sem_init       ipc.o
    0x08002f42   0x08002f42   0x0000003a   Code   RO         5216    i.rt_sem_release    ipc.o
    0x08002f7c   0x08002f7c   0x00000074   Code   RO         5217    i.rt_sem_take       ipc.o
    0x08002ff0   0x08002ff0   0x000000b0   Code   RO         5377    i.rt_show_version   kservice.o
    0x080030a0   0x080030a0   0x0000007c   Code   RO         5902    i.rt_soft_timer_check  timer.o
    0x0800311c   0x0800311c   0x00000012   Code   RO         5383    i.rt_strlen         kservice.o
    0x0800312e   0x0800312e   0x00000034   Code   RO         5385    i.rt_strncpy        kservice.o
    0x08003162   0x08003162   0x00000002   PAD
    0x08003164   0x08003164   0x000000f8   Code   RO         5547    i.rt_system_heap_init  mem.o
    0x0800325c   0x0800325c   0x0000004c   Code   RO         5710    i.rt_system_scheduler_init  scheduler.o
    0x080032a8   0x080032a8   0x00000030   Code   RO         5711    i.rt_system_scheduler_start  scheduler.o
    0x080032d8   0x080032d8   0x0000001c   Code   RO         5903    i.rt_system_timer_init  timer.o
    0x080032f4   0x080032f4   0x00000054   Code   RO         5904    i.rt_system_timer_thread_init  timer.o
    0x08003348   0x08003348   0x00000050   Code   RO         5780    i.rt_thread_create  thread.o
    0x08003398   0x08003398   0x0000000c   Code   RO         5781    i.rt_thread_delay   thread.o
    0x080033a4   0x080033a4   0x00000054   Code   RO         5784    i.rt_thread_exit    thread.o
    0x080033f8   0x080033f8   0x00000008   Code   RO         5157    i.rt_thread_idle_entry  idle.o
    0x08003400   0x08003400   0x0000008c   Code   RO         5158    i.rt_thread_idle_excute  idle.o
    0x0800348c   0x0800348c   0x0000003c   Code   RO         5160    i.rt_thread_idle_init  idle.o
    0x080034c8   0x080034c8   0x00000034   Code   RO         5786    i.rt_thread_init    thread.o
    0x080034fc   0x080034fc   0x0000003c   Code   RO         5788    i.rt_thread_resume  thread.o
    0x08003538   0x08003538   0x0000000c   Code   RO         5789    i.rt_thread_self    thread.o
    0x08003544   0x08003544   0x00000044   Code   RO         5790    i.rt_thread_sleep   thread.o
    0x08003588   0x08003588   0x0000002c   Code   RO         5791    i.rt_thread_startup  thread.o
    0x080035b4   0x080035b4   0x00000044   Code   RO         5792    i.rt_thread_suspend  thread.o
    0x080035f8   0x080035f8   0x00000020   Code   RO         5793    i.rt_thread_timeout  thread.o
    0x08003618   0x08003618   0x00000044   Code   RO         5905    i.rt_thread_timer_entry  timer.o
    0x0800365c   0x0800365c   0x00000064   Code   RO         5794    i.rt_thread_yield   thread.o
    0x080036c0   0x080036c0   0x0000000c   Code   RO         5046    i.rt_tick_get       clock.o
    0x080036cc   0x080036cc   0x00000030   Code   RO         5047    i.rt_tick_increase  clock.o
    0x080036fc   0x080036fc   0x0000007c   Code   RO         5906    i.rt_timer_check    timer.o
    0x08003778   0x08003778   0x00000038   Code   RO         5907    i.rt_timer_control  timer.o
    0x080037b0   0x080037b0   0x00000020   Code   RO         5910    i.rt_timer_detach   timer.o
    0x080037d0   0x080037d0   0x0000002e   Code   RO         5911    i.rt_timer_init     timer.o
    0x080037fe   0x080037fe   0x0000001c   Code   RO         5912    i.rt_timer_list_next_timeout  timer.o
    0x0800381a   0x0800381a   0x00000002   PAD
    0x0800381c   0x0800381c   0x0000012c   Code   RO         5914    i.rt_timer_start    timer.o
    0x08003948   0x08003948   0x00000030   Code   RO         5915    i.rt_timer_stop     timer.o
    0x08003978   0x08003978   0x00000330   Code   RO         5388    i.rt_vsnprintf      kservice.o
    0x08003ca8   0x08003ca8   0x00000004   Code   RO         5087    i.rti_board_end     components.o
    0x08003cac   0x08003cac   0x00000004   Code   RO         5088    i.rti_board_start   components.o
    0x08003cb0   0x08003cb0   0x00000004   Code   RO         5089    i.rti_end           components.o
    0x08003cb4   0x08003cb4   0x00000004   Code   RO         5090    i.rti_start         components.o
    0x08003cb8   0x08003cb8   0x0000002a   Code   RO         5091    i.rtthread_startup  components.o
    0x08003ce2   0x08003ce2   0x00000002   PAD
    0x08003ce4   0x08003ce4   0x00000038   Code   RO         6192    i.shell_auto_complete  shell.o
    0x08003d1c   0x08003d1c   0x00000030   Code   RO         6034    i.show_wait_queue   cmd.o
    0x08003d4c   0x08003d4c   0x00000026   Code   RO         5390    i.skip_atoi         kservice.o
    0x08003d72   0x08003d72   0x00000020   Code   RO         6118    i.str_common        msh.o
    0x08003d92   0x08003d92   0x00000002   PAD
    0x08003d94   0x08003d94   0x00000068   Code   RO          144    i.uart_init         usart_init.o
    0x08003dfc   0x08003dfc   0x00000080   Code   RO          145    i.uart_io           usart_init.o
    0x08003e7c   0x08003e7c   0x000000e8   Code   RO         4989    i.usage_fault_track  cpuport.o
    0x08003f64   0x08003f64   0x0000000a   Code   RO         6035    i.version           cmd.o
    0x08003f6e   0x08003f6e   0x0000000a   Code   RO         6377    x$fpl$fpinit        fz_wm.l(fpinit.o)
    0x08003f78   0x08003f78   0x00000122   Data   RO         5392    .constdata          kservice.o
    0x0800409a   0x0800409a   0x00000009   Data   RO         5549    .constdata          mem.o
    0x080040a3   0x080040a3   0x00000093   Data   RO         6036    .constdata          cmd.o
    0x08004136   0x08004136   0x0000001f   Data   RO         6119    .constdata          msh.o
    0x08004155   0x08004155   0x00000003   PAD
    0x08004158   0x08004158   0x00000044   Data   RO         6037    .conststring        cmd.o
    0x0800419c   0x0800419c   0x00000004   Data   RO         5092    .rti_fn.0           components.o
    0x080041a0   0x080041a0   0x00000004   Data   RO         5093    .rti_fn.0.end       components.o
    0x080041a4   0x080041a4   0x00000004   Data   RO          147    .rti_fn.1           usart_init.o
    0x080041a8   0x080041a8   0x00000004   Data   RO         5094    .rti_fn.1.end       components.o
    0x080041ac   0x080041ac   0x00000004   Data   RO         6195    .rti_fn.6           shell.o
    0x080041b0   0x080041b0   0x00000004   Data   RO         5095    .rti_fn.6.end       components.o
    0x080041b4   0x080041b4   0x00000008   Data   RO         5551    FSymTab             mem.o
    0x080041bc   0x080041bc   0x00000060   Data   RO         6038    FSymTab             cmd.o
    0x0800421c   0x0800421c   0x00000018   Data   RO         6120    FSymTab             msh.o
    0x08004234   0x08004234   0x00000020   Data   RO         6445    Region$$Table       anon$$obj.o


    Execution Region RW_IRAM1 (Exec base: 0x20000000, Load base: 0x08004254, Size: 0x00001cc8, Max: 0x00020000, ABSOLUTE)

    Exec Addr    Load Addr    Size         Type   Attr      Idx    E Section Name        Object

    0x20000000   0x08004254   0x00000014   Data   RW          335    .data               system_stm32f4xx.o
    0x20000014   0x08004268   0x00000010   Data   RW         2890    .data               stm32f4xx_rcc.o
    0x20000024   0x08004278   0x00000010   Data   RW         4990    .data               cpuport.o
    0x20000034   0x08004288   0x00000004   Data   RW         5049    .data               clock.o
    0x20000038   0x0800428c   0x00000001   Data   RW         5339    .data               irq.o
    0x20000039   0x0800428d   0x00000003   PAD
    0x2000003c   0x08004290   0x00000018   Data   RW         5550    .data               mem.o
    0x20000054   0x080042a8   0x00000040   Data   RW         5639    .data               object.o
    0x20000094   0x080042e8   0x00000018   Data   RW         5713    .data               scheduler.o
    0x200000ac   0x08004300   0x00000014   Data   RW         5917    .data               timer.o
    0x200000c0   0x08004314   0x00000018   Data   RW         6194    .data               shell.o
    0x200000d8        -       0x0000003c   Zero   RW          146    .bss                usart_init.o
    0x20000114        -       0x00001000   Zero   RW          220    .bss                board.o
    0x20001114        -       0x00000178   Zero   RW         5161    .bss                idle.o
    0x2000128c        -       0x00000080   Zero   RW         5391    .bss                kservice.o
    0x2000130c        -       0x00000020   Zero   RW         5548    .bss                mem.o
    0x2000132c        -       0x00000040   Zero   RW         5712    .bss                scheduler.o
    0x2000136c        -       0x00000278   Zero   RW         5916    .bss                timer.o
    0x200015e4        -       0x00000081   Zero   RW         6193    .bss                shell.o
    0x20001665   0x0800432c   0x00000003   PAD
    0x20001668        -       0x00000060   Zero   RW         6319    .bss                c_w.l(libspace.o)
    0x200016c8        -       0x00000200   Zero   RW         6017    HEAP                startup_stm32f40_41xxx.o
    0x200018c8        -       0x00000400   Zero   RW         6016    STACK               startup_stm32f40_41xxx.o


==============================================================================

Image component sizes


      Code (inc. data)   RO Data    RW Data    ZI Data      Debug   Object Name

       136         16          0          0       4096       3419   board.o
        60         12          0          4          0       1245   clock.o
      1916        642        311          0          0      14658   cmd.o
       182         28         16          0          0       6208   components.o
       308         26          0          0          0        840   context_rvds.o
      1480        738          0         16          0       6558   cpuport.o
       228         32          0          0        376       5722   idle.o
       392          0          0          0          0       8593   ipc.o
        64         12          0          1          0       1714   irq.o
      1770        164        290          0        128       9889   kservice.o
         4          0          0          0          0     237285   main.o
      1110        310         17         24         32       5422   mem.o
       120         14          0          0          0       1128   misc.o
       886        154         55          0          0       9381   msh.o
       326          4          0         64          0       8548   object.o
       526         90          0         24         64       8742   scheduler.o
      1352        152          4         24        129      10248   shell.o
        64         26        392          0       1536        848   startup_stm32f40_41xxx.o
       214          0          0          0          0       1899   stm32f4xx_gpio.o
        18          0          0          0          0       2727   stm32f4xx_it.o
       292         26          0         16          0       4162   stm32f4xx_rcc.o
       428          8          0          0          0       5045   stm32f4xx_usart.o
       424         50          0         20          0       2533   system_stm32f4xx.o
       776         36          0          0          0      12223   thread.o
      1086         64          0         20        632      13694   timer.o
       738         40          4          0         60       6346   usart_init.o

    ----------------------------------------------------------------------
     14924       2644       1124        216       7056     389077   Object Totals
         0          0         32          0          0          0   (incl. Generated)
        24          0          3          3          3          0   (incl. Padding)

    ----------------------------------------------------------------------

      Code (inc. data)   RO Data    RW Data    ZI Data      Debug   Library Member Name

         8          0          0          0          0         68   __main.o
         0          0          0          0          0          0   __rtentry.o
        12          0          0          0          0          0   __rtentry2.o
         6          0          0          0          0          0   __rtentry4.o
        52          8          0          0          0          0   __scatter.o
        26          0          0          0          0          0   __scatter_copy.o
        28          0          0          0          0          0   __scatter_zi.o
        18          0          0          0          0         80   exit.o
         6          0          0          0          0        152   heapauxi.o
         0          0          0          0          0          0   indicate_semi.o
         2          0          0          0          0          0   libinit.o
         6          0          0          0          0          0   libinit2.o
         2          0          0          0          0          0   libshutdown.o
         2          0          0          0          0          0   libshutdown2.o
         8          4          0          0         96         68   libspace.o
        68          0          0          0          0         68   rt_memclr.o
        78          0          0          0          0         80   rt_memclr_w.o
       100          0          0          0          0         80   rt_memcpy_w.o
         2          0          0          0          0          0   rtexit.o
        10          0          0          0          0          0   rtexit2.o
        24          0          0          0          0         68   strcat.o
        72          0          0          0          0         80   strcpy.o
        62          0          0          0          0         76   strlen.o
       150          0          0          0          0         80   strncmp.o
        86          0          0          0          0         76   strncpy.o
        12          4          0          0          0         68   sys_exit.o
        74          0          0          0          0         80   sys_stackheap_outer.o
         2          0          0          0          0         68   use_no_semi.o
        10          0          0          0          0        116   fpinit.o

    ----------------------------------------------------------------------
       932         16          0          0         96       1308   Library Totals
         6          0          0          0          0          0   (incl. Padding)

    ----------------------------------------------------------------------

      Code (inc. data)   RO Data    RW Data    ZI Data      Debug   Library Name

       916         16          0          0         96       1192   c_w.l
        10          0          0          0          0        116   fz_wm.l

    ----------------------------------------------------------------------
       932         16          0          0         96       1308   Library Totals

    ----------------------------------------------------------------------

==============================================================================


      Code (inc. data)   RO Data    RW Data    ZI Data      Debug   

     15856       2660       1124        216       7152     374313   Grand Totals
     15856       2660       1124        216       7152     374313   ELF Image Totals
     15856       2660       1124        216          0          0   ROM Totals

==============================================================================

    Total RO  Size (Code + RO Data)                16980 (  16.58kB)
    Total RW  Size (RW Data + ZI Data)              7368 (   7.20kB)
    Total ROM Size (Code + RO Data + RW Data)      17196 (  16.79kB)

==============================================================================

