<html>
<body>
<pre>
<h1>µVision Build Log</h1>
<h2>Tool Versions:</h2>
IDE-Version: ¦ÌVision V5.25.2.0
Copyright (C) 2018 ARM Ltd and ARM Germany GmbH. All rights reserved.
License Information: °¢Ë¹¶Ù Van, asd, LIC=BL2Z9-46Z3W-8WH2D-8S4SR-QI6FS-SP5YQ
 
Tool Versions:
Toolchain:       MDK-ARM Professional  Version: 5.25.2.0
Toolchain Path:  G:\TJPU\KEil2\ARM\ARMCC\Bin
C Compiler:      Armcc.exe V5.06 update 6 (build 750)
Assembler:       Armasm.exe V5.06 update 6 (build 750)
Linker/Locator:  ArmLink.exe V5.06 update 6 (build 750)
Library Manager: ArmAr.exe V5.06 update 6 (build 750)
Hex Converter:   FromElf.exe V5.06 update 6 (build 750)
CPU DLL:         SARMCM3.DLL V5.25.2.0
Dialog DLL:      DCM.DLL V1.17.1.0
Target DLL:      UL2CM3.DLL V1.160.12.0
Dialog DLL:      TCM.DLL V1.35.1.0
 
<h2>Project:</h2>
E:\F4Mouse_RT-ThreadNANO\STM32F411_MicroMouse_with_RT-Thread\F4Mouse_MDK_RT-Thread_V1.0\PROJ\F4MouseRTThread_V1.0.uvprojx
Project File Date:  03/19/2020

<h2>Output:</h2>
*** Using Compiler 'V5.06 update 6 (build 750)', folder: 'G:\TJPU\KEil2\ARM\ARMCC\Bin'
Build target 'Target 1'
compiling SPI_init.c...
..\HARDWARE\inc\SPI_init.h(10): warning:  #1-D: last line of file ends without a newline
  #endif
..\HARDWARE\src\SPI_init.c: 1 warning, 0 errors
compiling main.c...
compiling MouseDrive_init.c...
compiling usart_init.c...
compiling board.c...
compiling icm_20948.c...
..\HARDWARE\inc\SPI_init.h(10): warning:  #1-D: last line of file ends without a newline
  #endif
..\HARDWARE\src\icm_20948.c: 1 warning, 0 errors
compiling stm32f4xx_it.c...
compiling system_stm32f4xx.c...
compiling misc.c...
compiling stm32f4xx_crc.c...
compiling stm32f4xx_can.c...
compiling stm32f4xx_adc.c...
compiling stm32f4xx_cryp.c...
compiling stm32f4xx_cryp_des.c...
compiling stm32f4xx_cryp_aes.c...
compiling stm32f4xx_cryp_tdes.c...
compiling stm32f4xx_dac.c...
compiling stm32f4xx_dbgmcu.c...
compiling stm32f4xx_dma.c...
compiling stm32f4xx_dcmi.c...
compiling stm32f4xx_dma2d.c...
compiling stm32f4xx_gpio.c...
compiling stm32f4xx_exti.c...
compiling stm32f4xx_flash_ramfunc.c...
compiling stm32f4xx_flash.c...
compiling stm32f4xx_hash.c...
compiling stm32f4xx_hash_sha1.c...
compiling stm32f4xx_i2c.c...
compiling stm32f4xx_hash_md5.c...
compiling stm32f4xx_iwdg.c...
compiling stm32f4xx_ltdc.c...
compiling stm32f4xx_pwr.c...
compiling stm32f4xx_rcc.c...
compiling stm32f4xx_rng.c...
compiling stm32f4xx_sdio.c...
compiling stm32f4xx_rtc.c...
compiling stm32f4xx_sai.c...
compiling stm32f4xx_spi.c...
compiling stm32f4xx_usart.c...
compiling stm32f4xx_syscfg.c...
compiling stm32f4xx_tim.c...
compiling clock.c...
compiling components.c...
compiling cpuport.c...
compiling stm32f4xx_wwdg.c...
compiling cpu.c...
compiling idle.c...
compiling irq.c...
compiling ipc.c...
compiling memheap.c...
compiling mempool.c...
compiling kservice.c...
compiling object.c...
..\OS\RT-Thread_src\object.c(262): warning:  #550-D: variable "obj"  was set but never used
          struct rt_object *obj;
..\OS\RT-Thread_src\object.c: 1 warning, 0 errors
compiling mem.c...
compiling slab.c...
compiling scheduler.c...
compiling thread.c...
compiling timer.c...
compiling msh.c...
compiling cmd.c...
compiling shell.c...
linking...
Program Size: Code=15856 RO-data=1124 RW-data=216 ZI-data=7152  
".\Objects\F4MouseRTThread_V1.0" - 0 Error(s), 3 Warning(s).

<h2>Software Packages used:</h2>

Package Vendor: Keil
                http://www.keil.com/pack/Keil.STM32F4xx_DFP.2.13.0.pack
                Keil.STM32F4xx_DFP.2.13.0
                STMicroelectronics STM32F4 Series Device Support, Drivers and Examples

<h2>Collection of Component include folders:</h2>
  .\RTE\_Target_1
  G:\TJPU\KEil2\ARM\PACK\Keil\STM32F4xx_DFP\2.13.0\Drivers\CMSIS\Device\ST\STM32F4xx\Include

<h2>Collection of Component Files used:</h2>
Build Time Elapsed:  00:00:42
</pre>
</body>
</html>
